Archive member included to satisfy reference by file (symbol)

e:/st/stm32cubeide_1.0.1/stm32cubeide/plugins/com.st.stm32cube.ide.mcu.externaltools.gnu-tools-for-stm32.7-2018-q2-update.win32_1.0.0.201904181610/tools/bin/../lib/gcc/arm-none-eabi/7.3.1/../../../../arm-none-eabi/lib/thumb/v7e-m/fpv4-sp/hard\libc_nano.a(lib_a-errno.o)
                              Src/syscalls.o (__errno)
e:/st/stm32cubeide_1.0.1/stm32cubeide/plugins/com.st.stm32cube.ide.mcu.externaltools.gnu-tools-for-stm32.7-2018-q2-update.win32_1.0.0.201904181610/tools/bin/../lib/gcc/arm-none-eabi/7.3.1/../../../../arm-none-eabi/lib/thumb/v7e-m/fpv4-sp/hard\libc_nano.a(lib_a-exit.o)
                              e:/st/stm32cubeide_1.0.1/stm32cubeide/plugins/com.st.stm32cube.ide.mcu.externaltools.gnu-tools-for-stm32.7-2018-q2-update.win32_1.0.0.201904181610/tools/bin/../lib/gcc/arm-none-eabi/7.3.1/../../../../arm-none-eabi/lib/thumb/v7e-m/fpv4-sp/hard/crt0.o (exit)
e:/st/stm32cubeide_1.0.1/stm32cubeide/plugins/com.st.stm32cube.ide.mcu.externaltools.gnu-tools-for-stm32.7-2018-q2-update.win32_1.0.0.201904181610/tools/bin/../lib/gcc/arm-none-eabi/7.3.1/../../../../arm-none-eabi/lib/thumb/v7e-m/fpv4-sp/hard\libc_nano.a(lib_a-impure.o)
                              e:/st/stm32cubeide_1.0.1/stm32cubeide/plugins/com.st.stm32cube.ide.mcu.externaltools.gnu-tools-for-stm32.7-2018-q2-update.win32_1.0.0.201904181610/tools/bin/../lib/gcc/arm-none-eabi/7.3.1/../../../../arm-none-eabi/lib/thumb/v7e-m/fpv4-sp/hard\libc_nano.a(lib_a-exit.o) (_global_impure_ptr)
e:/st/stm32cubeide_1.0.1/stm32cubeide/plugins/com.st.stm32cube.ide.mcu.externaltools.gnu-tools-for-stm32.7-2018-q2-update.win32_1.0.0.201904181610/tools/bin/../lib/gcc/arm-none-eabi/7.3.1/../../../../arm-none-eabi/lib/thumb/v7e-m/fpv4-sp/hard\libc_nano.a(lib_a-init.o)
                              e:/st/stm32cubeide_1.0.1/stm32cubeide/plugins/com.st.stm32cube.ide.mcu.externaltools.gnu-tools-for-stm32.7-2018-q2-update.win32_1.0.0.201904181610/tools/bin/../lib/gcc/arm-none-eabi/7.3.1/../../../../arm-none-eabi/lib/thumb/v7e-m/fpv4-sp/hard/crt0.o (__libc_init_array)
e:/st/stm32cubeide_1.0.1/stm32cubeide/plugins/com.st.stm32cube.ide.mcu.externaltools.gnu-tools-for-stm32.7-2018-q2-update.win32_1.0.0.201904181610/tools/bin/../lib/gcc/arm-none-eabi/7.3.1/../../../../arm-none-eabi/lib/thumb/v7e-m/fpv4-sp/hard\libc_nano.a(lib_a-memcpy-stub.o)
                              source/canpie-fd_device/stm32/hal/stm32_canpie-fd.o (memcpy)
e:/st/stm32cubeide_1.0.1/stm32cubeide/plugins/com.st.stm32cube.ide.mcu.externaltools.gnu-tools-for-stm32.7-2018-q2-update.win32_1.0.0.201904181610/tools/bin/../lib/gcc/arm-none-eabi/7.3.1/../../../../arm-none-eabi/lib/thumb/v7e-m/fpv4-sp/hard\libc_nano.a(lib_a-memset.o)
                              e:/st/stm32cubeide_1.0.1/stm32cubeide/plugins/com.st.stm32cube.ide.mcu.externaltools.gnu-tools-for-stm32.7-2018-q2-update.win32_1.0.0.201904181610/tools/bin/../lib/gcc/arm-none-eabi/7.3.1/../../../../arm-none-eabi/lib/thumb/v7e-m/fpv4-sp/hard/crt0.o (memset)
e:/st/stm32cubeide_1.0.1/stm32cubeide/plugins/com.st.stm32cube.ide.mcu.externaltools.gnu-tools-for-stm32.7-2018-q2-update.win32_1.0.0.201904181610/tools/bin/../lib/gcc/arm-none-eabi/7.3.1/../../../../arm-none-eabi/lib/thumb/v7e-m/fpv4-sp/hard\libc_nano.a(lib_a-printf.o)
                              Src/io_app_demo_hw.o (printf)
e:/st/stm32cubeide_1.0.1/stm32cubeide/plugins/com.st.stm32cube.ide.mcu.externaltools.gnu-tools-for-stm32.7-2018-q2-update.win32_1.0.0.201904181610/tools/bin/../lib/gcc/arm-none-eabi/7.3.1/../../../../arm-none-eabi/lib/thumb/v7e-m/fpv4-sp/hard\libc_nano.a(lib_a-strcmp.o)
                              source/li_can_slv/source/config/io_can_config.o (strcmp)
e:/st/stm32cubeide_1.0.1/stm32cubeide/plugins/com.st.stm32cube.ide.mcu.externaltools.gnu-tools-for-stm32.7-2018-q2-update.win32_1.0.0.201904181610/tools/bin/../lib/gcc/arm-none-eabi/7.3.1/../../../../arm-none-eabi/lib/thumb/v7e-m/fpv4-sp/hard\libc_nano.a(lib_a-strncmp.o)
                              source/li_can_slv/source/config/io_can_config.o (strncmp)
e:/st/stm32cubeide_1.0.1/stm32cubeide/plugins/com.st.stm32cube.ide.mcu.externaltools.gnu-tools-for-stm32.7-2018-q2-update.win32_1.0.0.201904181610/tools/bin/../lib/gcc/arm-none-eabi/7.3.1/../../../../arm-none-eabi/lib/thumb/v7e-m/fpv4-sp/hard\libc_nano.a(lib_a-strncpy.o)
                              source/li_can_slv/source/config/io_can_config.o (strncpy)
e:/st/stm32cubeide_1.0.1/stm32cubeide/plugins/com.st.stm32cube.ide.mcu.externaltools.gnu-tools-for-stm32.7-2018-q2-update.win32_1.0.0.201904181610/tools/bin/../lib/gcc/arm-none-eabi/7.3.1/../../../../arm-none-eabi/lib/thumb/v7e-m/fpv4-sp/hard\libc_nano.a(lib_a-findfp.o)
[...]
Memory Configuration

Name             Origin             Length             Attributes
FLASH            0x0000000008000000 0x0000000000100000 xr
CCMRAM           0x0000000010000000 0x0000000000010000 xrw
RAM              0x0000000020000000 0x0000000000020000 xrw
*default*        0x0000000000000000 0xffffffffffffffff

Linker script and memory map

LOAD e:/st/stm32cubeide_1.0.1/stm32cubeide/plugins/com.st.stm32cube.ide.mcu.externaltools.gnu-tools-for-stm32.7-2018-q2-update.win32_1.0.0.201904181610/tools/bin/../lib/gcc/arm-none-eabi/7.3.1/thumb/v7e-m/fpv4-sp/hard/crti.o
LOAD e:/st/stm32cubeide_1.0.1/stm32cubeide/plugins/com.st.stm32cube.ide.mcu.externaltools.gnu-tools-for-stm32.7-2018-q2-update.win32_1.0.0.201904181610/tools/bin/../lib/gcc/arm-none-eabi/7.3.1/thumb/v7e-m/fpv4-sp/hard/crtbegin.o
LOAD e:/st/stm32cubeide_1.0.1/stm32cubeide/plugins/com.st.stm32cube.ide.mcu.externaltools.gnu-tools-for-stm32.7-2018-q2-update.win32_1.0.0.201904181610/tools/bin/../lib/gcc/arm-none-eabi/7.3.1/../../../../arm-none-eabi/lib/thumb/v7e-m/fpv4-sp/hard/crt0.o
LOAD Drivers/STM32F4xx_HAL_Driver/Src/stm32f4xx_hal.o
LOAD Drivers/STM32F4xx_HAL_Driver/Src/stm32f4xx_hal_can.o
LOAD Drivers/STM32F4xx_HAL_Driver/Src/stm32f4xx_hal_cortex.o
LOAD Drivers/STM32F4xx_HAL_Driver/Src/stm32f4xx_hal_dma.o
LOAD Drivers/STM32F4xx_HAL_Driver/Src/stm32f4xx_hal_dma_ex.o
LOAD Drivers/STM32F4xx_HAL_Driver/Src/stm32f4xx_hal_exti.o
LOAD Drivers/STM32F4xx_HAL_Driver/Src/stm32f4xx_hal_flash.o
LOAD Drivers/STM32F4xx_HAL_Driver/Src/stm32f4xx_hal_flash_ex.o
LOAD Drivers/STM32F4xx_HAL_Driver/Src/stm32f4xx_hal_flash_ramfunc.o
LOAD Drivers/STM32F4xx_HAL_Driver/Src/stm32f4xx_hal_gpio.o
LOAD Drivers/STM32F4xx_HAL_Driver/Src/stm32f4xx_hal_pwr.o
LOAD Drivers/STM32F4xx_HAL_Driver/Src/stm32f4xx_hal_pwr_ex.o
LOAD Drivers/STM32F4xx_HAL_Driver/Src/stm32f4xx_hal_rcc.o
LOAD Drivers/STM32F4xx_HAL_Driver/Src/stm32f4xx_hal_rcc_ex.o
LOAD Drivers/STM32F4xx_HAL_Driver/Src/stm32f4xx_hal_tim.o
LOAD Drivers/STM32F4xx_HAL_Driver/Src/stm32f4xx_hal_tim_ex.o
LOAD Src/io_app_demo_hw.o
LOAD Src/main.o
LOAD Src/stm32f4xx_hal_msp.o
LOAD Src/stm32f4xx_it.o
LOAD Src/syscalls.o
LOAD Src/sysmem.o
LOAD Src/system_stm32f4xx.o
LOAD Startup/startup_stm32f407vgtx.o
LOAD source/canpie/source/canpie-fd/cp_fifo.o
LOAD source/canpie/source/canpie-fd/cp_msg.o
LOAD source/canpie-fd_device/stm32/hal/stm32_canpie-fd.o
LOAD source/io_app_conv/io_app_convc.o
LOAD source/li_can_slv/source/api/li_can_slv_api.o
LOAD source/li_can_slv/source/arch/canpie_adapter/io_can_async_hw.o
LOAD source/li_can_slv/source/arch/canpie_adapter/io_can_hw.o
LOAD source/li_can_slv/source/arch/canpie_adapter/io_can_main_hw.o
LOAD source/li_can_slv/source/arch/canpie_adapter/io_can_main_hw_handler.o
LOAD source/li_can_slv/source/arch/canpie_adapter/io_can_mon_hw.o
LOAD source/li_can_slv/source/arch/canpie_adapter/io_can_mon_hw_handler.o
LOAD source/li_can_slv/source/config/io_can_config.o
LOAD source/li_can_slv/source/core/io_can.o
LOAD source/li_can_slv/source/core/io_can_main.o
LOAD source/li_can_slv/source/core/io_can_main_handler.o
LOAD source/li_can_slv/source/error/io_can_errno.o
LOAD source/li_can_slv/source/error/io_can_error.o
LOAD source/li_can_slv/source/sync/io_can_sync.o
LOAD source/li_can_slv/source/sync/io_can_sync_handler.o
LOAD source/li_can_slv/source/sys/io_can_sys.o
LOAD source/li_can_slv/source/util/io_can_analyzer.o
LOAD source/li_can_slv/source/util/io_can_quality.o
LOAD source/li_can_slv/source/util/li_can_slv_assert.o
START GROUP
LOAD e:/st/stm32cubeide_1.0.1/stm32cubeide/plugins/com.st.stm32cube.ide.mcu.externaltools.gnu-tools-for-stm32.7-2018-q2-update.win32_1.0.0.201904181610/tools/bin/../lib/gcc/arm-none-eabi/7.3.1/../../../../arm-none-eabi/lib/thumb/v7e-m/fpv4-sp/hard\libc_nano.a
LOAD e:/st/stm32cubeide_1.0.1/stm32cubeide/plugins/com.st.stm32cube.ide.mcu.externaltools.gnu-tools-for-stm32.7-2018-q2-update.win32_1.0.0.201904181610/tools/bin/../lib/gcc/arm-none-eabi/7.3.1/../../../../arm-none-eabi/lib/thumb/v7e-m/fpv4-sp/hard\libm.a
END GROUP
START GROUP
LOAD e:/st/stm32cubeide_1.0.1/stm32cubeide/plugins/com.st.stm32cube.ide.mcu.externaltools.gnu-tools-for-stm32.7-2018-q2-update.win32_1.0.0.201904181610/tools/bin/../lib/gcc/arm-none-eabi/7.3.1/thumb/v7e-m/fpv4-sp/hard\libgcc.a
LOAD e:/st/stm32cubeide_1.0.1/stm32cubeide/plugins/com.st.stm32cube.ide.mcu.externaltools.gnu-tools-for-stm32.7-2018-q2-update.win32_1.0.0.201904181610/tools/bin/../lib/gcc/arm-none-eabi/7.3.1/../../../../arm-none-eabi/lib/thumb/v7e-m/fpv4-sp/hard\libc_nano.a
END GROUP
START GROUP
LOAD e:/st/stm32cubeide_1.0.1/stm32cubeide/plugins/com.st.stm32cube.ide.mcu.externaltools.gnu-tools-for-stm32.7-2018-q2-update.win32_1.0.0.201904181610/tools/bin/../lib/gcc/arm-none-eabi/7.3.1/thumb/v7e-m/fpv4-sp/hard\libgcc.a
LOAD e:/st/stm32cubeide_1.0.1/stm32cubeide/plugins/com.st.stm32cube.ide.mcu.externaltools.gnu-tools-for-stm32.7-2018-q2-update.win32_1.0.0.201904181610/tools/bin/../lib/gcc/arm-none-eabi/7.3.1/../../../../arm-none-eabi/lib/thumb/v7e-m/fpv4-sp/hard\libc_nano.a
LOAD e:/st/stm32cubeide_1.0.1/stm32cubeide/plugins/com.st.stm32cube.ide.mcu.externaltools.gnu-tools-for-stm32.7-2018-q2-update.win32_1.0.0.201904181610/tools/bin/../lib/gcc/arm-none-eabi/7.3.1/../../../../arm-none-eabi/lib/thumb/v7e-m/fpv4-sp/hard\libnosys.a
END GROUP
START GROUP
LOAD e:/st/stm32cubeide_1.0.1/stm32cubeide/plugins/com.st.stm32cube.ide.mcu.externaltools.gnu-tools-for-stm32.7-2018-q2-update.win32_1.0.0.201904181610/tools/bin/../lib/gcc/arm-none-eabi/7.3.1/thumb/v7e-m/fpv4-sp/hard\libgcc.a
LOAD e:/st/stm32cubeide_1.0.1/stm32cubeide/plugins/com.st.stm32cube.ide.mcu.externaltools.gnu-tools-for-stm32.7-2018-q2-update.win32_1.0.0.201904181610/tools/bin/../lib/gcc/arm-none-eabi/7.3.1/../../../../arm-none-eabi/lib/thumb/v7e-m/fpv4-sp/hard\libc_nano.a
LOAD e:/st/stm32cubeide_1.0.1/stm32cubeide/plugins/com.st.stm32cube.ide.mcu.externaltools.gnu-tools-for-stm32.7-2018-q2-update.win32_1.0.0.201904181610/tools/bin/../lib/gcc/arm-none-eabi/7.3.1/../../../../arm-none-eabi/lib/thumb/v7e-m/fpv4-sp/hard\libnosys.a
END GROUP
LOAD e:/st/stm32cubeide_1.0.1/stm32cubeide/plugins/com.st.stm32cube.ide.mcu.externaltools.gnu-tools-for-stm32.7-2018-q2-update.win32_1.0.0.201904181610/tools/bin/../lib/gcc/arm-none-eabi/7.3.1/thumb/v7e-m/fpv4-sp/hard/crtend.o
LOAD e:/st/stm32cubeide_1.0.1/stm32cubeide/plugins/com.st.stm32cube.ide.mcu.externaltools.gnu-tools-for-stm32.7-2018-q2-update.win32_1.0.0.201904181610/tools/bin/../lib/gcc/arm-none-eabi/7.3.1/thumb/v7e-m/fpv4-sp/hard/crtn.o
                0x000000002001ffff                _estack = 0x2001ffff
                0x0000000000000200                _Min_Heap_Size = 0x200
                0x0000000000000400                _Min_Stack_Size = 0x400

.isr_vector     0x0000000008000000      0x188
                0x0000000008000000                . = ALIGN (0x4)
 *(.isr_vector)
 .isr_vector    0x0000000008000000      0x188 Startup/startup_stm32f407vgtx.o
                0x0000000008000000                g_pfnVectors
                0x0000000008000188                . = ALIGN (0x4)

.text           0x0000000008000190     0x7050
                0x0000000008000190                . = ALIGN (0x4)
 *(.text)
 .text          0x0000000008000190       0x40 e:/st/stm32cubeide_1.0.1/stm32cubeide/plugins/com.st.stm32cube.ide.mcu.externaltools.gnu-tools-for-stm32.7-2018-q2-update.win32_1.0.0.201904181610/tools/bin/../lib/gcc/arm-none-eabi/7.3.1/thumb/v7e-m/fpv4-sp/hard/crtbegin.o
 .text          0x00000000080001d0       0xa0 e:/st/stm32cubeide_1.0.1/stm32cubeide/plugins/com.st.stm32cube.ide.mcu.externaltools.gnu-tools-for-stm32.7-2018-q2-update.win32_1.0.0.201904181610/tools/bin/../lib/gcc/arm-none-eabi/7.3.1/../../../../arm-none-eabi/lib/thumb/v7e-m/fpv4-sp/hard\libc_nano.a(lib_a-memchr.o)
                0x00000000080001d0                memchr
 .text          0x0000000008000270       0x30 e:/st/stm32cubeide_1.0.1/stm32cubeide/plugins/com.st.stm32cube.ide.mcu.externaltools.gnu-tools-for-stm32.7-2018-q2-update.win32_1.0.0.201904181610/tools/bin/../lib/gcc/arm-none-eabi/7.3.1/thumb/v7e-m/fpv4-sp/hard\libgcc.a(_aeabi_uldivmod.o)
                0x0000000008000270                __aeabi_uldivmod
 .text          0x00000000080002a0      0x2cc e:/st/stm32cubeide_1.0.1/stm32cubeide/plugins/com.st.stm32cube.ide.mcu.externaltools.gnu-tools-for-stm32.7-2018-q2-update.win32_1.0.0.201904181610/tools/bin/../lib/gcc/arm-none-eabi/7.3.1/thumb/v7e-m/fpv4-sp/hard\libgcc.a(_udivmoddi4.o)
                0x00000000080002a0                __udivmoddi4
 .text          0x000000000800056c        0x4 e:/st/stm32cubeide_1.0.1/stm32cubeide/plugins/com.st.stm32cube.ide.mcu.externaltools.gnu-tools-for-stm32.7-2018-q2-update.win32_1.0.0.201904181610/tools/bin/../lib/gcc/arm-none-eabi/7.3.1/thumb/v7e-m/fpv4-sp/hard\libgcc.a(_dvmd_tls.o)
                0x000000000800056c                __aeabi_idiv0
                0x000000000800056c                __aeabi_ldiv0
 *(.text*)
 .text.HAL_Init
                0x0000000008000570       0x44 Drivers/STM32F4xx_HAL_Driver/Src/stm32f4xx_hal.o
                0x0000000008000570                HAL_Init
 .text.HAL_InitTick
                0x00000000080005b4       0x60 Drivers/STM32F4xx_HAL_Driver/Src/stm32f4xx_hal.o
                0x00000000080005b4                HAL_InitTick
 .text.HAL_IncTick
                0x0000000008000614       0x28 Drivers/STM32F4xx_HAL_Driver/Src/stm32f4xx_hal.o
                0x0000000008000614                HAL_IncTick
 .text.HAL_GetTick
                0x000000000800063c       0x18 Drivers/STM32F4xx_HAL_Driver/Src/stm32f4xx_hal.o
                0x000000000800063c                HAL_GetTick
 .text.HAL_CAN_Init
                0x0000000008000654      0x1f6 Drivers/STM32F4xx_HAL_Driver/Src/stm32f4xx_hal_can.o
                0x0000000008000654                HAL_CAN_Init
 .text.HAL_CAN_DeInit
                0x000000000800084a       0x46 Drivers/STM32F4xx_HAL_Driver/Src/stm32f4xx_hal_can.o
                0x000000000800084a                HAL_CAN_DeInit
 .text.HAL_CAN_ConfigFilter
                0x0000000008000890      0x1c0 Drivers/STM32F4xx_HAL_Driver/Src/stm32f4xx_hal_can.o
                0x0000000008000890                HAL_CAN_ConfigFilter
 .text.HAL_CAN_Start
                0x0000000008000a50       0x88 Drivers/STM32F4xx_HAL_Driver/Src/stm32f4xx_hal_can.o
                0x0000000008000a50                HAL_CAN_Start
 .text.HAL_CAN_Stop
                0x0000000008000ad8       0x92 Drivers/STM32F4xx_HAL_Driver/Src/stm32f4xx_hal_can.o
                0x0000000008000ad8                HAL_CAN_Stop
 .text.HAL_CAN_AddTxMessage
                0x0000000008000b6a      0x1b6 Drivers/STM32F4xx_HAL_Driver/Src/stm32f4xx_hal_can.o
                0x0000000008000b6a                HAL_CAN_AddTxMessage
 .text.HAL_CAN_GetRxMessage
                0x0000000008000d20      0x226 Drivers/STM32F4xx_HAL_Driver/Src/stm32f4xx_hal_can.o
                0x0000000008000d20                HAL_CAN_GetRxMessage
 .text.HAL_CAN_ActivateNotification
                0x0000000008000f46       0x4c Drivers/STM32F4xx_HAL_Driver/Src/stm32f4xx_hal_can.o
                0x0000000008000f46                HAL_CAN_ActivateNotification
 .text.HAL_CAN_DeactivateNotification
                0x0000000008000f92       0x4e Drivers/STM32F4xx_HAL_Driver/Src/stm32f4xx_hal_can.o
                0x0000000008000f92                HAL_CAN_DeactivateNotification
 .text.HAL_CAN_IRQHandler
                0x0000000008000fe0      0x362 Drivers/STM32F4xx_HAL_Driver/Src/stm32f4xx_hal_can.o
                0x0000000008000fe0                HAL_CAN_IRQHandler
 .text.HAL_CAN_TxMailbox0AbortCallback
                0x0000000008001342       0x14 Drivers/STM32F4xx_HAL_Driver/Src/stm32f4xx_hal_can.o
                0x0000000008001342                HAL_CAN_TxMailbox0AbortCallback
 .text.HAL_CAN_TxMailbox1AbortCallback
                0x0000000008001356       0x14 Drivers/STM32F4xx_HAL_Driver/Src/stm32f4xx_hal_can.o
                0x0000000008001356                HAL_CAN_TxMailbox1AbortCallback
 .text.HAL_CAN_TxMailbox2AbortCallback
                0x000000000800136a       0x14 Drivers/STM32F4xx_HAL_Driver/Src/stm32f4xx_hal_can.o
                0x000000000800136a                HAL_CAN_TxMailbox2AbortCallback
 .text.HAL_CAN_RxFifo0FullCallback
                0x000000000800137e       0x14 Drivers/STM32F4xx_HAL_Driver/Src/stm32f4xx_hal_can.o
                0x000000000800137e                HAL_CAN_RxFifo0FullCallback
 .text.HAL_CAN_RxFifo1MsgPendingCallback
                0x0000000008001392       0x14 Drivers/STM32F4xx_HAL_Driver/Src/stm32f4xx_hal_can.o
                0x0000000008001392                HAL_CAN_RxFifo1MsgPendingCallback
 .text.HAL_CAN_RxFifo1FullCallback
                0x00000000080013a6       0x14 Drivers/STM32F4xx_HAL_Driver/Src/stm32f4xx_hal_can.o
                0x00000000080013a6                HAL_CAN_RxFifo1FullCallback
 .text.HAL_CAN_SleepCallback
                0x00000000080013ba       0x14 Drivers/STM32F4xx_HAL_Driver/Src/stm32f4xx_hal_can.o
                0x00000000080013ba                HAL_CAN_SleepCallback
 .text.HAL_CAN_WakeUpFromRxMsgCallback
                0x00000000080013ce       0x14 Drivers/STM32F4xx_HAL_Driver/Src/stm32f4xx_hal_can.o
                0x00000000080013ce                HAL_CAN_WakeUpFromRxMsgCallback
 *fill*         0x00000000080013e2        0x2 
 .text.__NVIC_SetPriorityGrouping
                0x00000000080013e4       0x48 Drivers/STM32F4xx_HAL_Driver/Src/stm32f4xx_hal_cortex.o
 .text.__NVIC_GetPriorityGrouping
                0x000000000800142c       0x1c Drivers/STM32F4xx_HAL_Driver/Src/stm32f4xx_hal_cortex.o
 .text.__NVIC_EnableIRQ
                0x0000000008001448       0x3c Drivers/STM32F4xx_HAL_Driver/Src/stm32f4xx_hal_cortex.o
 .text.__NVIC_DisableIRQ
                0x0000000008001484       0x44 Drivers/STM32F4xx_HAL_Driver/Src/stm32f4xx_hal_cortex.o
 .text.__NVIC_SetPriority
                0x00000000080014c8       0x54 Drivers/STM32F4xx_HAL_Driver/Src/stm32f4xx_hal_cortex.o
 .text.NVIC_EncodePriority
                0x000000000800151c       0x66 Drivers/STM32F4xx_HAL_Driver/Src/stm32f4xx_hal_cortex.o
 *fill*         0x0000000008001582        0x2 
 .text.SysTick_Config
                0x0000000008001584       0x44 Drivers/STM32F4xx_HAL_Driver/Src/stm32f4xx_hal_cortex.o
 .text.HAL_NVIC_SetPriorityGrouping
                0x00000000080015c8       0x16 Drivers/STM32F4xx_HAL_Driver/Src/stm32f4xx_hal_cortex.o
                0x00000000080015c8                HAL_NVIC_SetPriorityGrouping
 .text.HAL_NVIC_SetPriority
                0x00000000080015de       0x38 Drivers/STM32F4xx_HAL_Driver/Src/stm32f4xx_hal_cortex.o
                0x00000000080015de                HAL_NVIC_SetPriority
 .text.HAL_NVIC_EnableIRQ
                0x0000000008001616       0x1c Drivers/STM32F4xx_HAL_Driver/Src/stm32f4xx_hal_cortex.o
                0x0000000008001616                HAL_NVIC_EnableIRQ
 .text.HAL_NVIC_DisableIRQ
                0x0000000008001632       0x1c Drivers/STM32F4xx_HAL_Driver/Src/stm32f4xx_hal_cortex.o
                0x0000000008001632                HAL_NVIC_DisableIRQ
 .text.HAL_SYSTICK_Config
                0x000000000800164e       0x18 Drivers/STM32F4xx_HAL_Driver/Src/stm32f4xx_hal_cortex.o
                0x000000000800164e                HAL_SYSTICK_Config
 *fill*         0x0000000008001666        0x2 
 .text.HAL_GPIO_Init
                0x0000000008001668      0x334 Drivers/STM32F4xx_HAL_Driver/Src/stm32f4xx_hal_gpio.o
                0x0000000008001668                HAL_GPIO_Init
 .text.HAL_GPIO_DeInit
                0x000000000800199c      0x1f4 Drivers/STM32F4xx_HAL_Driver/Src/stm32f4xx_hal_gpio.o
                0x000000000800199c                HAL_GPIO_DeInit
 .text.HAL_GPIO_WritePin
                0x0000000008001b90       0x32 Drivers/STM32F4xx_HAL_Driver/Src/stm32f4xx_hal_gpio.o
                0x0000000008001b90                HAL_GPIO_WritePin
 *fill*         0x0000000008001bc2        0x2 
 .text.HAL_RCC_OscConfig
                0x0000000008001bc4      0x484 Drivers/STM32F4xx_HAL_Driver/Src/stm32f4xx_hal_rcc.o
                0x0000000008001bc4                HAL_RCC_OscConfig
 .text.HAL_RCC_ClockConfig
                0x0000000008002048      0x1c4 Drivers/STM32F4xx_HAL_Driver/Src/stm32f4xx_hal_rcc.o
                0x0000000008002048                HAL_RCC_ClockConfig
 .text.HAL_RCC_GetSysClockFreq
                0x000000000800220c      0x1b0 Drivers/STM32F4xx_HAL_Driver/Src/stm32f4xx_hal_rcc.o
                0x000000000800220c                HAL_RCC_GetSysClockFreq
 .text.HAL_RCC_GetHCLKFreq
                0x00000000080023bc       0x18 Drivers/STM32F4xx_HAL_Driver/Src/stm32f4xx_hal_rcc.o
                0x00000000080023bc                HAL_RCC_GetHCLKFreq
 .text.HAL_RCC_GetPCLK1Freq
                0x00000000080023d4       0x28 Drivers/STM32F4xx_HAL_Driver/Src/stm32f4xx_hal_rcc.o
                0x00000000080023d4                HAL_RCC_GetPCLK1Freq
 .text.app_main
                0x00000000080023fc       0x48 Src/io_app_demo_hw.o
                0x00000000080023fc                app_main
 .text.app_init
                0x0000000008002444       0x50 Src/io_app_demo_hw.o
                0x0000000008002444                app_init
 .text.app_start
                0x0000000008002494       0x10 Src/io_app_demo_hw.o
                0x0000000008002494                app_start
 .text.first_process_req_callback
                0x00000000080024a4        0xe Src/io_app_demo_hw.o
 .text.process_req_whole_image_ok_callback
                0x00000000080024b2        0xe Src/io_app_demo_hw.o
 .text.main     0x00000000080024c0       0x1e Src/main.o
                0x00000000080024c0                main
 *fill*         0x00000000080024de        0x2 
 .text.SystemClock_Config
                0x00000000080024e0       0xd4 Src/main.o
                0x00000000080024e0                SystemClock_Config
 .text.MX_CAN1_Init
                0x00000000080025b4       0x68 Src/main.o
 .text.MX_CAN2_Init
                0x000000000800261c       0x68 Src/main.o
 .text.MX_GPIO_Init
                0x0000000008002684      0x120 Src/main.o
 .text.Error_Handler
                0x00000000080027a4        0xe Src/main.o
                0x00000000080027a4                Error_Handler
 *fill*         0x00000000080027b2        0x2 
 .text.HAL_MspInit
                0x00000000080027b4       0x50 Src/stm32f4xx_hal_msp.o
                0x00000000080027b4                HAL_MspInit
 .text.HAL_CAN_MspInit
                0x0000000008002804      0x170 Src/stm32f4xx_hal_msp.o
                0x0000000008002804                HAL_CAN_MspInit
 .text.HAL_CAN_MspDeInit
                0x0000000008002974       0xac Src/stm32f4xx_hal_msp.o
                0x0000000008002974                HAL_CAN_MspDeInit
 .text.NMI_Handler
                0x0000000008002a20        0xe Src/stm32f4xx_it.o
                0x0000000008002a20                NMI_Handler
 .text.HardFault_Handler
                0x0000000008002a2e        0x6 Src/stm32f4xx_it.o
                0x0000000008002a2e                HardFault_Handler
 .text.MemManage_Handler
                0x0000000008002a34        0x6 Src/stm32f4xx_it.o
                0x0000000008002a34                MemManage_Handler
 .text.BusFault_Handler
                0x0000000008002a3a        0x6 Src/stm32f4xx_it.o
                0x0000000008002a3a                BusFault_Handler
 .text.UsageFault_Handler
                0x0000000008002a40        0x6 Src/stm32f4xx_it.o
                0x0000000008002a40                UsageFault_Handler
 .text.SVC_Handler
                0x0000000008002a46        0xe Src/stm32f4xx_it.o
                0x0000000008002a46                SVC_Handler
 .text.DebugMon_Handler
                0x0000000008002a54        0xe Src/stm32f4xx_it.o
                0x0000000008002a54                DebugMon_Handler
 .text.PendSV_Handler
                0x0000000008002a62        0xe Src/stm32f4xx_it.o
                0x0000000008002a62                PendSV_Handler
 .text.SysTick_Handler
                0x0000000008002a70        0xc Src/stm32f4xx_it.o
                0x0000000008002a70                SysTick_Handler
 .text.CAN1_TX_IRQHandler
                0x0000000008002a7c       0x14 Src/stm32f4xx_it.o
                0x0000000008002a7c                CAN1_TX_IRQHandler
 .text.CAN1_RX0_IRQHandler
                0x0000000008002a90       0x14 Src/stm32f4xx_it.o
                0x0000000008002a90                CAN1_RX0_IRQHandler
 .text.CAN1_RX1_IRQHandler
                0x0000000008002aa4       0x14 Src/stm32f4xx_it.o
                0x0000000008002aa4                CAN1_RX1_IRQHandler
 .text._read    0x0000000008002ab8       0x3a Src/syscalls.o
                0x0000000008002ab8                _read
 .text._write   0x0000000008002af2       0x38 Src/syscalls.o
                0x0000000008002af2                _write
 .text._close   0x0000000008002b2a       0x18 Src/syscalls.o
                0x0000000008002b2a                _close
 .text._fstat   0x0000000008002b42       0x20 Src/syscalls.o
                0x0000000008002b42                _fstat
 .text._isatty  0x0000000008002b62       0x16 Src/syscalls.o
                0x0000000008002b62                _isatty
 .text._lseek   0x0000000008002b78       0x1a Src/syscalls.o
                0x0000000008002b78                _lseek
 *fill*         0x0000000008002b92        0x2 
 .text._sbrk    0x0000000008002b94       0x58 Src/sysmem.o
                0x0000000008002b94                _sbrk
 .text.SystemInit
                0x0000000008002bec       0x6c Src/system_stm32f4xx.o
                0x0000000008002bec                SystemInit
 .text.Reset_Handler
                0x0000000008002c58       0x50 Startup/startup_stm32f407vgtx.o
                0x0000000008002c58                Reset_Handler
 .text.Default_Handler
                0x0000000008002ca8        0x2 Startup/startup_stm32f407vgtx.o
                0x0000000008002ca8                RTC_Alarm_IRQHandler
                0x0000000008002ca8                HASH_RNG_IRQHandler
                0x0000000008002ca8                EXTI2_IRQHandler
                0x0000000008002ca8                TIM8_CC_IRQHandler
                0x0000000008002ca8                TIM1_CC_IRQHandler
                0x0000000008002ca8                DMA2_Stream5_IRQHandler
                0x0000000008002ca8                DMA1_Stream5_IRQHandler
                0x0000000008002ca8                PVD_IRQHandler
                0x0000000008002ca8                SDIO_IRQHandler
                0x0000000008002ca8                TAMP_STAMP_IRQHandler
                0x0000000008002ca8                CAN2_RX1_IRQHandler
                0x0000000008002ca8                EXTI3_IRQHandler
                0x0000000008002ca8                TIM8_TRG_COM_TIM14_IRQHandler
                0x0000000008002ca8                TIM1_UP_TIM10_IRQHandler
                0x0000000008002ca8                TIM8_UP_TIM13_IRQHandler
                0x0000000008002ca8                I2C3_ER_IRQHandler
                0x0000000008002ca8                EXTI0_IRQHandler
                0x0000000008002ca8                I2C2_EV_IRQHandler
                0x0000000008002ca8                DMA1_Stream2_IRQHandler
                0x0000000008002ca8                FPU_IRQHandler
                0x0000000008002ca8                OTG_HS_WKUP_IRQHandler
                0x0000000008002ca8                CAN2_SCE_IRQHandler
                0x0000000008002ca8                DMA2_Stream2_IRQHandler
                0x0000000008002ca8                SPI1_IRQHandler
                0x0000000008002ca8                TIM6_DAC_IRQHandler
                0x0000000008002ca8                TIM1_BRK_TIM9_IRQHandler
                0x0000000008002ca8                DCMI_IRQHandler
                0x0000000008002ca8                CAN2_RX0_IRQHandler
                0x0000000008002ca8                DMA2_Stream3_IRQHandler
                0x0000000008002ca8                USART6_IRQHandler
                0x0000000008002ca8                USART3_IRQHandler
                0x0000000008002ca8                UART5_IRQHandler
                0x0000000008002ca8                DMA2_Stream0_IRQHandler
                0x0000000008002ca8                TIM4_IRQHandler
                0x0000000008002ca8                I2C1_EV_IRQHandler
                0x0000000008002ca8                DMA1_Stream6_IRQHandler
                0x0000000008002ca8                DMA1_Stream1_IRQHandler
                0x0000000008002ca8                UART4_IRQHandler
                0x0000000008002ca8                TIM3_IRQHandler
                0x0000000008002ca8                RCC_IRQHandler
                0x0000000008002ca8                TIM8_BRK_TIM12_IRQHandler
                0x0000000008002ca8                Default_Handler
                0x0000000008002ca8                EXTI15_10_IRQHandler
                0x0000000008002ca8                ADC_IRQHandler
                0x0000000008002ca8                DMA1_Stream7_IRQHandler
                0x0000000008002ca8                TIM7_IRQHandler
                0x0000000008002ca8                CAN2_TX_IRQHandler
                0x0000000008002ca8                TIM5_IRQHandler
                0x0000000008002ca8                DMA2_Stream7_IRQHandler
                0x0000000008002ca8                I2C3_EV_IRQHandler
                0x0000000008002ca8                EXTI9_5_IRQHandler
                0x0000000008002ca8                RTC_WKUP_IRQHandler
                0x0000000008002ca8                ETH_WKUP_IRQHandler
                0x0000000008002ca8                SPI2_IRQHandler
                0x0000000008002ca8                OTG_HS_EP1_IN_IRQHandler
                0x0000000008002ca8                DMA1_Stream0_IRQHandler
                0x0000000008002ca8                EXTI4_IRQHandler
                0x0000000008002ca8                FSMC_IRQHandler
                0x0000000008002ca8                ETH_IRQHandler
                0x0000000008002ca8                OTG_HS_EP1_OUT_IRQHandler
                0x0000000008002ca8                WWDG_IRQHandler
                0x0000000008002ca8                TIM2_IRQHandler
                0x0000000008002ca8                OTG_FS_WKUP_IRQHandler
                0x0000000008002ca8                TIM1_TRG_COM_TIM11_IRQHandler
                0x0000000008002ca8                OTG_HS_IRQHandler
                0x0000000008002ca8                EXTI1_IRQHandler
                0x0000000008002ca8                USART2_IRQHandler
                0x0000000008002ca8                I2C2_ER_IRQHandler
                0x0000000008002ca8                DMA2_Stream1_IRQHandler
                0x0000000008002ca8                CAN1_SCE_IRQHandler
                0x0000000008002ca8                FLASH_IRQHandler
                0x0000000008002ca8                DMA2_Stream4_IRQHandler
                0x0000000008002ca8                USART1_IRQHandler
                0x0000000008002ca8                OTG_FS_IRQHandler
                0x0000000008002ca8                SPI3_IRQHandler
                0x0000000008002ca8                DMA1_Stream4_IRQHandler
                0x0000000008002ca8                I2C1_ER_IRQHandler
                0x0000000008002ca8                DMA2_Stream6_IRQHandler
                0x0000000008002ca8                DMA1_Stream3_IRQHandler
 .text.CpFifoDataInPtr
                0x0000000008002caa       0x26 source/canpie/source/canpie-fd/cp_fifo.o
                0x0000000008002caa                CpFifoDataInPtr
 .text.CpFifoDataOutPtr
                0x0000000008002cd0       0x26 source/canpie/source/canpie-fd/cp_fifo.o
                0x0000000008002cd0                CpFifoDataOutPtr
 .text.CpFifoIncIn
                0x0000000008002cf6       0x4e source/canpie/source/canpie-fd/cp_fifo.o
                0x0000000008002cf6                CpFifoIncIn
 .text.CpFifoIncOut
                0x0000000008002d44       0x4e source/canpie/source/canpie-fd/cp_fifo.o
                0x0000000008002d44                CpFifoIncOut
 .text.CpFifoIsEmpty
                0x0000000008002d92       0x26 source/canpie/source/canpie-fd/cp_fifo.o
                0x0000000008002d92                CpFifoIsEmpty
 .text.CpFifoIsFull
                0x0000000008002db8       0x26 source/canpie/source/canpie-fd/cp_fifo.o
                0x0000000008002db8                CpFifoIsFull
 .text.CheckParam
                0x0000000008002dde       0x44 source/canpie-fd_device/stm32/hal/stm32_canpie-fd.o
 *fill*         0x0000000008002e22        0x2 
 .text.CpCoreBitrate
                0x0000000008002e24      0x158 source/canpie-fd_device/stm32/hal/stm32_canpie-fd.o
                0x0000000008002e24                CpCoreBitrate
 .text.CpCoreBufferConfig
                0x0000000008002f7c       0xfc source/canpie-fd_device/stm32/hal/stm32_canpie-fd.o
                0x0000000008002f7c                CpCoreBufferConfig
 .text.CpCoreBufferGetData
                0x0000000008003078       0x80 source/canpie-fd_device/stm32/hal/stm32_canpie-fd.o
                0x0000000008003078                CpCoreBufferGetData
 .text.CpCoreBufferGetDlc
                0x00000000080030f8       0x48 source/canpie-fd_device/stm32/hal/stm32_canpie-fd.o
                0x00000000080030f8                CpCoreBufferGetDlc
 .text.CpCoreBufferRelease
                0x0000000008003140       0x9c source/canpie-fd_device/stm32/hal/stm32_canpie-fd.o
                0x0000000008003140                CpCoreBufferRelease
 .text.CpCoreBufferSend
                0x00000000080031dc      0x144 source/canpie-fd_device/stm32/hal/stm32_canpie-fd.o
                0x00000000080031dc                CpCoreBufferSend
 .text.CpCoreBufferSetData
                0x0000000008003320       0x84 source/canpie-fd_device/stm32/hal/stm32_canpie-fd.o
                0x0000000008003320                CpCoreBufferSetData
 .text.CpCoreBufferSetDlc
                0x00000000080033a4       0x48 source/canpie-fd_device/stm32/hal/stm32_canpie-fd.o
                0x00000000080033a4                CpCoreBufferSetDlc
 .text.CpCoreCanMode
                0x00000000080033ec       0xc4 source/canpie-fd_device/stm32/hal/stm32_canpie-fd.o
                0x00000000080033ec                CpCoreCanMode
 .text.CpCoreDriverInit
                0x00000000080034b0      0x118 source/canpie-fd_device/stm32/hal/stm32_canpie-fd.o
                0x00000000080034b0                CpCoreDriverInit
 .text.CpCoreIntFunctions
                0x00000000080035c8       0x50 source/canpie-fd_device/stm32/hal/stm32_canpie-fd.o
                0x00000000080035c8                CpCoreIntFunctions
 .text.can_filter_config
                0x0000000008003618       0x90 source/canpie-fd_device/stm32/hal/stm32_canpie-fd.o
 .text.get_next_free_filter_number
                0x00000000080036a8       0x44 source/canpie-fd_device/stm32/hal/stm32_canpie-fd.o
 .text.search_for_already_defined_filter
                0x00000000080036ec       0x48 source/canpie-fd_device/stm32/hal/stm32_canpie-fd.o
 .text.can_filter_init
                0x0000000008003734       0x88 source/canpie-fd_device/stm32/hal/stm32_canpie-fd.o
 .text.HAL_CAN_TxMailbox0CompleteCallback
                0x00000000080037bc      0x134 source/canpie-fd_device/stm32/hal/stm32_canpie-fd.o
                0x00000000080037bc                HAL_CAN_TxMailbox0CompleteCallback
 .text.HAL_CAN_TxMailbox1CompleteCallback
                0x00000000080038f0      0x128 source/canpie-fd_device/stm32/hal/stm32_canpie-fd.o
                0x00000000080038f0                HAL_CAN_TxMailbox1CompleteCallback
 .text.HAL_CAN_TxMailbox2CompleteCallback
                0x0000000008003a18      0x128 source/canpie-fd_device/stm32/hal/stm32_canpie-fd.o
                0x0000000008003a18                HAL_CAN_TxMailbox2CompleteCallback
 .text.HAL_CAN_RxFifo0MsgPendingCallback
                0x0000000008003b40      0x158 source/canpie-fd_device/stm32/hal/stm32_canpie-fd.o
                0x0000000008003b40                HAL_CAN_RxFifo0MsgPendingCallback
 .text.HAL_CAN_ErrorCallback
                0x0000000008003c98       0x4c source/canpie-fd_device/stm32/hal/stm32_canpie-fd.o
                0x0000000008003c98                HAL_CAN_ErrorCallback
 .text.lcsa_init
                0x0000000008003ce4       0x22 source/li_can_slv/source/api/li_can_slv_api.o
                0x0000000008003ce4                lcsa_init
 *fill*         0x0000000008003d06        0x2 
 .text.lcsa_start
                0x0000000008003d08       0x30 source/li_can_slv/source/api/li_can_slv_api.o
                0x0000000008003d08                lcsa_start
 .text.can_hw_init
                0x0000000008003d38       0x10 source/li_can_slv/source/arch/canpie_adapter/io_can_hw.o
                0x0000000008003d38                can_hw_init
 .text.can_hw_transceiver_enable
                0x0000000008003d48       0x10 source/li_can_slv/source/arch/canpie_adapter/io_can_hw.o
                0x0000000008003d48                can_hw_transceiver_enable
 .text.can_hw_combine_msg_obj_to_two_stage_fifo
                0x0000000008003d58       0x1e source/li_can_slv/source/arch/canpie_adapter/io_can_hw.o
                0x0000000008003d58                can_hw_combine_msg_obj_to_two_stage_fifo
 *fill*         0x0000000008003d76        0x2 
 .text.can_main_hw_init
                0x0000000008003d78       0x2c source/li_can_slv/source/arch/canpie_adapter/io_can_main_hw.o
                0x0000000008003d78                can_main_hw_init
 .text.can_main_hw_msg_obj_init
                0x0000000008003da4       0x30 source/li_can_slv/source/arch/canpie_adapter/io_can_main_hw.o
                0x0000000008003da4                can_main_hw_msg_obj_init
 .text.can_main_hw_get_next_free_msg_obj
                0x0000000008003dd4       0x44 source/li_can_slv/source/arch/canpie_adapter/io_can_main_hw.o
                0x0000000008003dd4                can_main_hw_get_next_free_msg_obj
 .text.can_main_hw_enable
                0x0000000008003e18       0x40 source/li_can_slv/source/arch/canpie_adapter/io_can_main_hw.o
                0x0000000008003e18                can_main_hw_enable
 .text.can_main_hw_define_msg_obj
                0x0000000008003e58       0x90 source/li_can_slv/source/arch/canpie_adapter/io_can_main_hw.o
                0x0000000008003e58                can_main_hw_define_msg_obj
 .text.can_main_hw_set_baudrate
                0x0000000008003ee8       0xa0 source/li_can_slv/source/arch/canpie_adapter/io_can_main_hw.o
                0x0000000008003ee8                can_main_hw_set_baudrate
 .text.can_main_hw_send_msg_obj_blocking
                0x0000000008003f88       0x78 source/li_can_slv/source/arch/canpie_adapter/io_can_main_hw.o
                0x0000000008003f88                can_main_hw_send_msg_obj_blocking
 .text.can_main_hw_send_msg_obj_none_blocking
                0x0000000008004000       0x64 source/li_can_slv/source/arch/canpie_adapter/io_can_main_hw.o
                0x0000000008004000                can_main_hw_send_msg_obj_none_blocking
 .text.can_main_hw_handler_rx
                0x0000000008004064       0x50 source/li_can_slv/source/arch/canpie_adapter/io_can_main_hw_handler.o
                0x0000000008004064                can_main_hw_handler_rx
 .text.can_main_hw_handler_tx
                0x00000000080040b4       0x50 source/li_can_slv/source/arch/canpie_adapter/io_can_main_hw_handler.o
                0x00000000080040b4                can_main_hw_handler_tx
 .text.can_config_init
                0x0000000008004104       0x4c source/li_can_slv/source/config/io_can_config.o
                0x0000000008004104                can_config_init
 .text.can_config_set_baudrate_table
                0x0000000008004150       0x3c source/li_can_slv/source/config/io_can_config.o
                0x0000000008004150                can_config_set_baudrate_table
 .text.can_config_set_baudrate
                0x000000000800418c       0x64 source/li_can_slv/source/config/io_can_config.o
                0x000000000800418c                can_config_set_baudrate
 .text.can_config_set_baudrate_startup
                0x00000000080041f0       0x20 source/li_can_slv/source/config/io_can_config.o
                0x00000000080041f0                can_config_set_baudrate_startup
 .text.can_config_add_module
                0x0000000008004210      0x10c source/li_can_slv/source/config/io_can_config.o
                0x0000000008004210                can_config_add_module
 .text.can_config_add_ukwn_module
                0x000000000800431c       0x64 source/li_can_slv/source/config/io_can_config.o
                0x000000000800431c                can_config_add_ukwn_module
 .text.can_config_sync_off
                0x0000000008004380      0x180 source/li_can_slv/source/config/io_can_config.o
                0x0000000008004380                can_config_sync_off
 .text.can_config_sync_on
                0x0000000008004500      0x178 source/li_can_slv/source/config/io_can_config.o
                0x0000000008004500                can_config_sync_on
 .text.can_config_module_nr_valid
                0x0000000008004678       0x8c source/li_can_slv/source/config/io_can_config.o
                0x0000000008004678                can_config_module_nr_valid
 .text.can_config_get_module_type
                0x0000000008004704       0x40 source/li_can_slv/source/config/io_can_config.o
                0x0000000008004704                can_config_get_module_type
 .text.can_config_get_module_nr
                0x0000000008004744       0x40 source/li_can_slv/source/config/io_can_config.o
                0x0000000008004744                can_config_get_module_nr
 .text.can_config_get_module_nr_main
                0x0000000008004784       0x18 source/li_can_slv/source/config/io_can_config.o
                0x0000000008004784                can_config_get_module_nr_main
 .text.can_config_get_nr_of_modules
                0x000000000800479c       0x20 source/li_can_slv/source/config/io_can_config.o
                0x000000000800479c                can_config_get_nr_of_modules
 .text.can_config_set_module_silent_awake
                0x00000000080047bc       0xa0 source/li_can_slv/source/config/io_can_config.o
                0x00000000080047bc                can_config_set_module_silent_awake
 .text.can_config_set_module
                0x000000000800485c      0x3e8 source/li_can_slv/source/config/io_can_config.o
 .text.rx_main_dummy
                0x0000000008004c44       0x1c source/li_can_slv/source/config/io_can_config.o
 .text.tx_main_dummy
                0x0000000008004c60       0x1c source/li_can_slv/source/config/io_can_config.o
 .text.li_can_slv_init
                0x0000000008004c7c      0x1ba source/li_can_slv/source/core/io_can.o
                0x0000000008004c7c                li_can_slv_init
 *fill*         0x0000000008004e36        0x2 
 .text.li_can_slv_set_mode
                0x0000000008004e38       0x20 source/li_can_slv/source/core/io_can.o
                0x0000000008004e38                li_can_slv_set_mode
 .text.li_can_slv_get_mode
                0x0000000008004e58       0x18 source/li_can_slv/source/core/io_can.o
                0x0000000008004e58                li_can_slv_get_mode
 .text.lcsa_set_state
                0x0000000008004e70       0x20 source/li_can_slv/source/core/io_can.o
                0x0000000008004e70                lcsa_set_state
 .text.can_main_init
                0x0000000008004e90       0x18 source/li_can_slv/source/core/io_can_main.o
                0x0000000008004e90                can_main_init
 .text.can_main_sync_process_tx_data_cnfg
                0x0000000008004ea8       0xc0 source/li_can_slv/source/core/io_can_main.o
                0x0000000008004ea8                can_main_sync_process_tx_data_cnfg
 .text.can_main_synchron_tx_data_off
                0x0000000008004f68       0x40 source/li_can_slv/source/core/io_can_main.o
                0x0000000008004f68                can_main_synchron_tx_data_off
 .text.can_main_synchron_tx_data_on
                0x0000000008004fa8       0x40 source/li_can_slv/source/core/io_can_main.o
                0x0000000008004fa8                can_main_synchron_tx_data_on
 .text.can_main_msg_obj_rx_data_cnfg
                0x0000000008004fe8       0x7c source/li_can_slv/source/core/io_can_main.o
                0x0000000008004fe8                can_main_msg_obj_rx_data_cnfg
 .text.can_main_msg_obj_tx_data_cnfg
                0x0000000008005064       0x74 source/li_can_slv/source/core/io_can_main.o
                0x0000000008005064                can_main_msg_obj_tx_data_cnfg
 .text.can_main_send_queue_system_tx
                0x00000000080050d8       0x30 source/li_can_slv/source/core/io_can_main.o
                0x00000000080050d8                can_main_send_queue_system_tx
 .text.can_main_process_data_tx_set
                0x0000000008005108       0x1c source/li_can_slv/source/core/io_can_main.o
                0x0000000008005108                can_main_process_data_tx_set
 .text.can_main_enable
                0x0000000008005124        0xe source/li_can_slv/source/core/io_can_main.o
                0x0000000008005124                can_main_enable
 *fill*         0x0000000008005132        0x2 
 .text.can_main_sync_process_tx_data
                0x0000000008005134      0x144 source/li_can_slv/source/core/io_can_main.o
                0x0000000008005134                can_main_sync_process_tx_data
 .text.can_main_define_msg_obj
                0x0000000008005278      0x10c source/li_can_slv/source/core/io_can_main.o
                0x0000000008005278                can_main_define_msg_obj
 .text.can_main_get_next_free_msg_obj
                0x0000000008005384       0x1c source/li_can_slv/source/core/io_can_main.o
                0x0000000008005384                can_main_get_next_free_msg_obj
 .text.can_main_handler_tx
                0x00000000080053a0       0x3c source/li_can_slv/source/core/io_can_main_handler.o
                0x00000000080053a0                can_main_handler_tx
 .text.error_syserr_send
                0x00000000080053dc       0x6c source/li_can_slv/source/error/io_can_error.o
                0x00000000080053dc                error_syserr_send
 .text.error_syserr_send_full
                0x0000000008005448       0x7c source/li_can_slv/source/error/io_can_error.o
                0x0000000008005448                error_syserr_send_full
 .text.error_syserr_get_full
                0x00000000080054c4       0x64 source/li_can_slv/source/error/io_can_error.o
                0x00000000080054c4                error_syserr_get_full
 .text.error_syserr_num
                0x0000000008005528       0x18 source/li_can_slv/source/error/io_can_error.o
                0x0000000008005528                error_syserr_num
 .text.can_sync_init
                0x0000000008005540       0x60 source/li_can_slv/source/sync/io_can_sync.o
                0x0000000008005540                can_sync_init
 .text.can_sync_rx_process_main
                0x00000000080055a0       0x50 source/li_can_slv/source/sync/io_can_sync.o
                0x00000000080055a0                can_sync_rx_process_main
 .text.can_sync_rx_data_main
                0x00000000080055f0       0x8c source/li_can_slv/source/sync/io_can_sync.o
                0x00000000080055f0                can_sync_rx_data_main
 .text.can_sync_tx_data_main
                0x000000000800567c       0xbc source/li_can_slv/source/sync/io_can_sync.o
                0x000000000800567c                can_sync_tx_data_main
 .text.can_sync_tx_data_main_ok
                0x0000000008005738       0x1e source/li_can_slv/source/sync/io_can_sync.o
                0x0000000008005738                can_sync_tx_data_main_ok
 *fill*         0x0000000008005756        0x2 
 .text.li_can_slv_sync_check_process_image
                0x0000000008005758       0xf4 source/li_can_slv/source/sync/io_can_sync.o
                0x0000000008005758                li_can_slv_sync_check_process_image
 .text.can_sync_set_pr_call_fnc
                0x000000000800584c       0x20 source/li_can_slv/source/sync/io_can_sync.o
                0x000000000800584c                can_sync_set_pr_call_fnc
 .text.can_sync_set_first_process_request_call_fnc
                0x000000000800586c       0x20 source/li_can_slv/source/sync/io_can_sync.o
                0x000000000800586c                can_sync_set_first_process_request_call_fnc
 .text.li_can_slv_sync_process_request_rx
                0x000000000800588c       0x68 source/li_can_slv/source/sync/io_can_sync.o
                0x000000000800588c                li_can_slv_sync_process_request_rx
 .text.li_can_slv_sync_clear_process_image
                0x00000000080058f4       0x98 source/li_can_slv/source/sync/io_can_sync.o
 .text.li_can_slv_sync_check_process_image_module
                0x000000000800598c       0xb4 source/li_can_slv/source/sync/io_can_sync.o
 .text.can_main_synchron_rx
                0x0000000008005a40       0x7c source/li_can_slv/source/sync/io_can_sync_handler.o
 .text.can_main_synchron_tx
                0x0000000008005abc       0x7c source/li_can_slv/source/sync/io_can_sync_handler.o
 .text.can_sync_handler_rx
                0x0000000008005b38      0x120 source/li_can_slv/source/sync/io_can_sync_handler.o
                0x0000000008005b38                can_sync_handler_rx
 .text.can_sync_handler_tx
                0x0000000008005c58       0x7c source/li_can_slv/source/sync/io_can_sync_handler.o
                0x0000000008005c58                can_sync_handler_tx
 .text.can_sys_init
                0x0000000008005cd4       0x24 source/li_can_slv/source/sys/io_can_sys.o
                0x0000000008005cd4                can_sys_init
 .text.can_sys_msg_rx
                0x0000000008005cf8      0x2f8 source/li_can_slv/source/sys/io_can_sys.o
                0x0000000008005cf8                can_sys_msg_rx
 .text.can_sys_send_error_full
                0x0000000008005ff0       0x72 source/li_can_slv/source/sys/io_can_sys.o
                0x0000000008005ff0                can_sys_send_error_full
 *fill*         0x0000000008006062        0x2 
 .text.can_sys_status_ackn
                0x0000000008006064       0x78 source/li_can_slv/source/sys/io_can_sys.o
 .text.can_sys_status_ackn_send
                0x00000000080060dc       0x50 source/li_can_slv/source/sys/io_can_sys.o
 .text.can_sys_version_ackn
                0x000000000800612c       0x82 source/li_can_slv/source/sys/io_can_sys.o
 .text.can_sys_version_ackn_send_version1
                0x00000000080061ae       0x66 source/li_can_slv/source/sys/io_can_sys.o
 .text.can_sys_version_ackn_send_version2
                0x0000000008006214       0x68 source/li_can_slv/source/sys/io_can_sys.o
 .text.can_sys_set_silent_awake
                0x000000000800627c       0xb8 source/li_can_slv/source/sys/io_can_sys.o
 .text.__errno  0x0000000008006334        0xc e:/st/stm32cubeide_1.0.1/stm32cubeide/plugins/com.st.stm32cube.ide.mcu.externaltools.gnu-tools-for-stm32.7-2018-q2-update.win32_1.0.0.201904181610/tools/bin/../lib/gcc/arm-none-eabi/7.3.1/../../../../arm-none-eabi/lib/thumb/v7e-m/fpv4-sp/hard\libc_nano.a(lib_a-errno.o)
                0x0000000008006334                __errno
 .text.__libc_init_array
                0x0000000008006340       0x48 e:/st/stm32cubeide_1.0.1/stm32cubeide/plugins/com.st.stm32cube.ide.mcu.externaltools.gnu-tools-for-stm32.7-2018-q2-update.win32_1.0.0.201904181610/tools/bin/../lib/gcc/arm-none-eabi/7.3.1/../../../../arm-none-eabi/lib/thumb/v7e-m/fpv4-sp/hard\libc_nano.a(lib_a-init.o)
                0x0000000008006340                __libc_init_array
 .text.memcpy   0x0000000008006388       0x16 e:/st/stm32cubeide_1.0.1/stm32cubeide/plugins/com.st.stm32cube.ide.mcu.externaltools.gnu-tools-for-stm32.7-2018-q2-update.win32_1.0.0.201904181610/tools/bin/../lib/gcc/arm-none-eabi/7.3.1/../../../../arm-none-eabi/lib/thumb/v7e-m/fpv4-sp/hard\libc_nano.a(lib_a-memcpy-stub.o)
                0x0000000008006388                memcpy
 .text.memset   0x000000000800639e       0x10 e:/st/stm32cubeide_1.0.1/stm32cubeide/plugins/com.st.stm32cube.ide.mcu.externaltools.gnu-tools-for-stm32.7-2018-q2-update.win32_1.0.0.201904181610/tools/bin/../lib/gcc/arm-none-eabi/7.3.1/../../../../arm-none-eabi/lib/thumb/v7e-m/fpv4-sp/hard\libc_nano.a(lib_a-memset.o)
                0x000000000800639e                memset
 *fill*         0x00000000080063ae        0x2 
 .text.printf   0x00000000080063b0       0x30 e:/st/stm32cubeide_1.0.1/stm32cubeide/plugins/com.st.stm32cube.ide.mcu.externaltools.gnu-tools-for-stm32.7-2018-q2-update.win32_1.0.0.201904181610/tools/bin/../lib/gcc/arm-none-eabi/7.3.1/../../../../arm-none-eabi/lib/thumb/v7e-m/fpv4-sp/hard\libc_nano.a(lib_a-printf.o)
                0x00000000080063b0                iprintf
                0x00000000080063b0                printf
 .text.strncmp  0x00000000080063e0       0x24 e:/st/stm32cubeide_1.0.1/stm32cubeide/plugins/com.st.stm32cube.ide.mcu.externaltools.gnu-tools-for-stm32.7-2018-q2-update.win32_1.0.0.201904181610/tools/bin/../lib/gcc/arm-none-eabi/7.3.1/../../../../arm-none-eabi/lib/thumb/v7e-m/fpv4-sp/hard\libc_nano.a(lib_a-strncmp.o)
                0x00000000080063e0                strncmp
 .text.strncpy  0x0000000008006404       0x2a e:/st/stm32cubeide_1.0.1/stm32cubeide/plugins/com.st.stm32cube.ide.mcu.externaltools.gnu-tools-for-stm32.7-2018-q2-update.win32_1.0.0.201904181610/tools/bin/../lib/gcc/arm-none-eabi/7.3.1/../../../../arm-none-eabi/lib/thumb/v7e-m/fpv4-sp/hard\libc_nano.a(lib_a-strncpy.o)
                0x0000000008006404                strncpy
 *fill*         0x000000000800642e        0x2 
 .text.std      0x0000000008006430       0x48 e:/st/stm32cubeide_1.0.1/stm32cubeide/plugins/com.st.stm32cube.ide.mcu.externaltools.gnu-tools-for-stm32.7-2018-q2-update.win32_1.0.0.201904181610/tools/bin/../lib/gcc/arm-none-eabi/7.3.1/../../../../arm-none-eabi/lib/thumb/v7e-m/fpv4-sp/hard\libc_nano.a(lib_a-findfp.o)
 .text._cleanup_r
                0x0000000008006478        0xc e:/st/stm32cubeide_1.0.1/stm32cubeide/plugins/com.st.stm32cube.ide.mcu.externaltools.gnu-tools-for-stm32.7-2018-q2-update.win32_1.0.0.201904181610/tools/bin/../lib/gcc/arm-none-eabi/7.3.1/../../../../arm-none-eabi/lib/thumb/v7e-m/fpv4-sp/hard\libc_nano.a(lib_a-findfp.o)
                0x0000000008006478                _cleanup_r
 .text.__sfmoreglue
                0x0000000008006484       0x2c e:/st/stm32cubeide_1.0.1/stm32cubeide/plugins/com.st.stm32cube.ide.mcu.externaltools.gnu-tools-for-stm32.7-2018-q2-update.win32_1.0.0.201904181610/tools/bin/../lib/gcc/arm-none-eabi/7.3.1/../../../../arm-none-eabi/lib/thumb/v7e-m/fpv4-sp/hard\libc_nano.a(lib_a-findfp.o)
                0x0000000008006484                __sfmoreglue
 .text.__sinit  0x00000000080064b0       0x60 e:/st/stm32cubeide_1.0.1/stm32cubeide/plugins/com.st.stm32cube.ide.mcu.externaltools.gnu-tools-for-stm32.7-2018-q2-update.win32_1.0.0.201904181610/tools/bin/../lib/gcc/arm-none-eabi/7.3.1/../../../../arm-none-eabi/lib/thumb/v7e-m/fpv4-sp/hard\libc_nano.a(lib_a-findfp.o)
                0x00000000080064b0                __sinit
 .text.__sfp    0x0000000008006510       0x78 e:/st/stm32cubeide_1.0.1/stm32cubeide/plugins/com.st.stm32cube.ide.mcu.externaltools.gnu-tools-for-stm32.7-2018-q2-update.win32_1.0.0.201904181610/tools/bin/../lib/gcc/arm-none-eabi/7.3.1/../../../../arm-none-eabi/lib/thumb/v7e-m/fpv4-sp/hard\libc_nano.a(lib_a-findfp.o)
                0x0000000008006510                __sfp
 .text._fwalk_reent
                0x0000000008006588       0x3c e:/st/stm32cubeide_1.0.1/stm32cubeide/plugins/com.st.stm32cube.ide.mcu.externaltools.gnu-tools-for-stm32.7-2018-q2-update.win32_1.0.0.201904181610/tools/bin/../lib/gcc/arm-none-eabi/7.3.1/../../../../arm-none-eabi/lib/thumb/v7e-m/fpv4-sp/hard\libc_nano.a(lib_a-fwalk.o)
                0x0000000008006588                _fwalk_reent
 .text._malloc_r
                0x00000000080065c4       0xb4 e:/st/stm32cubeide_1.0.1/stm32cubeide/plugins/com.st.stm32cube.ide.mcu.externaltools.gnu-tools-for-stm32.7-2018-q2-update.win32_1.0.0.201904181610/tools/bin/../lib/gcc/arm-none-eabi/7.3.1/../../../../arm-none-eabi/lib/thumb/v7e-m/fpv4-sp/hard\libc_nano.a(lib_a-nano-mallocr.o)
                0x00000000080065c4                _malloc_r
 .text.__sfputc_r
                0x0000000008006678       0x2e e:/st/stm32cubeide_1.0.1/stm32cubeide/plugins/com.st.stm32cube.ide.mcu.externaltools.gnu-tools-for-stm32.7-2018-q2-update.win32_1.0.0.201904181610/tools/bin/../lib/gcc/arm-none-eabi/7.3.1/../../../../arm-none-eabi/lib/thumb/v7e-m/fpv4-sp/hard\libc_nano.a(lib_a-nano-vfprintf.o)
 .text.__sfputs_r
                0x00000000080066a6       0x24 e:/st/stm32cubeide_1.0.1/stm32cubeide/plugins/com.st.stm32cube.ide.mcu.externaltools.gnu-tools-for-stm32.7-2018-q2-update.win32_1.0.0.201904181610/tools/bin/../lib/gcc/arm-none-eabi/7.3.1/../../../../arm-none-eabi/lib/thumb/v7e-m/fpv4-sp/hard\libc_nano.a(lib_a-nano-vfprintf.o)
                0x00000000080066a6                __sfputs_r
 *fill*         0x00000000080066ca        0x2 
 .text._vfprintf_r
                0x00000000080066cc      0x22c e:/st/stm32cubeide_1.0.1/stm32cubeide/plugins/com.st.stm32cube.ide.mcu.externaltools.gnu-tools-for-stm32.7-2018-q2-update.win32_1.0.0.201904181610/tools/bin/../lib/gcc/arm-none-eabi/7.3.1/../../../../arm-none-eabi/lib/thumb/v7e-m/fpv4-sp/hard\libc_nano.a(lib_a-nano-vfprintf.o)
                0x00000000080066cc                _vfprintf_r
                0x00000000080066cc                _vfiprintf_r
 .text._printf_common
                0x00000000080068f8       0xea e:/st/stm32cubeide_1.0.1/stm32cubeide/plugins/com.st.stm32cube.ide.mcu.externaltools.gnu-tools-for-stm32.7-2018-q2-update.win32_1.0.0.201904181610/tools/bin/../lib/gcc/arm-none-eabi/7.3.1/../../../../arm-none-eabi/lib/thumb/v7e-m/fpv4-sp/hard\libc_nano.a(lib_a-nano-vfprintf_i.o)
                0x00000000080068f8                _printf_common
 *fill*         0x00000000080069e2        0x2 
 .text._printf_i
                0x00000000080069e4      0x224 e:/st/stm32cubeide_1.0.1/stm32cubeide/plugins/com.st.stm32cube.ide.mcu.externaltools.gnu-tools-for-stm32.7-2018-q2-update.win32_1.0.0.201904181610/tools/bin/../lib/gcc/arm-none-eabi/7.3.1/../../../../arm-none-eabi/lib/thumb/v7e-m/fpv4-sp/hard\libc_nano.a(lib_a-nano-vfprintf_i.o)
                0x00000000080069e4                _printf_i
 .text._sbrk_r  0x0000000008006c08       0x20 e:/st/stm32cubeide_1.0.1/stm32cubeide/plugins/com.st.stm32cube.ide.mcu.externaltools.gnu-tools-for-stm32.7-2018-q2-update.win32_1.0.0.201904181610/tools/bin/../lib/gcc/arm-none-eabi/7.3.1/../../../../arm-none-eabi/lib/thumb/v7e-m/fpv4-sp/hard\libc_nano.a(lib_a-sbrkr.o)
                0x0000000008006c08                _sbrk_r
 .text.__sread  0x0000000008006c28       0x22 e:/st/stm32cubeide_1.0.1/stm32cubeide/plugins/com.st.stm32cube.ide.mcu.externaltools.gnu-tools-for-stm32.7-2018-q2-update.win32_1.0.0.201904181610/tools/bin/../lib/gcc/arm-none-eabi/7.3.1/../../../../arm-none-eabi/lib/thumb/v7e-m/fpv4-sp/hard\libc_nano.a(lib_a-stdio.o)
                0x0000000008006c28                __sread
 .text.__swrite
                0x0000000008006c4a       0x38 e:/st/stm32cubeide_1.0.1/stm32cubeide/plugins/com.st.stm32cube.ide.mcu.externaltools.gnu-tools-for-stm32.7-2018-q2-update.win32_1.0.0.201904181610/tools/bin/../lib/gcc/arm-none-eabi/7.3.1/../../../../arm-none-eabi/lib/thumb/v7e-m/fpv4-sp/hard\libc_nano.a(lib_a-stdio.o)
                0x0000000008006c4a                __swrite
 .text.__sseek  0x0000000008006c82       0x24 e:/st/stm32cubeide_1.0.1/stm32cubeide/plugins/com.st.stm32cube.ide.mcu.externaltools.gnu-tools-for-stm32.7-2018-q2-update.win32_1.0.0.201904181610/tools/bin/../lib/gcc/arm-none-eabi/7.3.1/../../../../arm-none-eabi/lib/thumb/v7e-m/fpv4-sp/hard\libc_nano.a(lib_a-stdio.o)
                0x0000000008006c82                __sseek
 .text.__sclose
                0x0000000008006ca6        0x8 e:/st/stm32cubeide_1.0.1/stm32cubeide/plugins/com.st.stm32cube.ide.mcu.externaltools.gnu-tools-for-stm32.7-2018-q2-update.win32_1.0.0.201904181610/tools/bin/../lib/gcc/arm-none-eabi/7.3.1/../../../../arm-none-eabi/lib/thumb/v7e-m/fpv4-sp/hard\libc_nano.a(lib_a-stdio.o)
                0x0000000008006ca6                __sclose
 *fill*         0x0000000008006cae        0x2 
 .text.__swbuf_r
                0x0000000008006cb0       0xa4 e:/st/stm32cubeide_1.0.1/stm32cubeide/plugins/com.st.stm32cube.ide.mcu.externaltools.gnu-tools-for-stm32.7-2018-q2-update.win32_1.0.0.201904181610/tools/bin/../lib/gcc/arm-none-eabi/7.3.1/../../../../arm-none-eabi/lib/thumb/v7e-m/fpv4-sp/hard\libc_nano.a(lib_a-wbuf.o)
                0x0000000008006cb0                __swbuf_r
 .text._write_r
                0x0000000008006d54       0x24 e:/st/stm32cubeide_1.0.1/stm32cubeide/plugins/com.st.stm32cube.ide.mcu.externaltools.gnu-tools-for-stm32.7-2018-q2-update.win32_1.0.0.201904181610/tools/bin/../lib/gcc/arm-none-eabi/7.3.1/../../../../arm-none-eabi/lib/thumb/v7e-m/fpv4-sp/hard\libc_nano.a(lib_a-writer.o)
                0x0000000008006d54                _write_r
 .text.__swsetup_r
                0x0000000008006d78       0xdc e:/st/stm32cubeide_1.0.1/stm32cubeide/plugins/com.st.stm32cube.ide.mcu.externaltools.gnu-tools-for-stm32.7-2018-q2-update.win32_1.0.0.201904181610/tools/bin/../lib/gcc/arm-none-eabi/7.3.1/../../../../arm-none-eabi/lib/thumb/v7e-m/fpv4-sp/hard\libc_nano.a(lib_a-wsetup.o)
                0x0000000008006d78                __swsetup_r
 .text._close_r
                0x0000000008006e54       0x20 e:/st/stm32cubeide_1.0.1/stm32cubeide/plugins/com.st.stm32cube.ide.mcu.externaltools.gnu-tools-for-stm32.7-2018-q2-update.win32_1.0.0.201904181610/tools/bin/../lib/gcc/arm-none-eabi/7.3.1/../../../../arm-none-eabi/lib/thumb/v7e-m/fpv4-sp/hard\libc_nano.a(lib_a-closer.o)
                0x0000000008006e54                _close_r
 .text.__sflush_r
                0x0000000008006e74      0x10c e:/st/stm32cubeide_1.0.1/stm32cubeide/plugins/com.st.stm32cube.ide.mcu.externaltools.gnu-tools-for-stm32.7-2018-q2-update.win32_1.0.0.201904181610/tools/bin/../lib/gcc/arm-none-eabi/7.3.1/../../../../arm-none-eabi/lib/thumb/v7e-m/fpv4-sp/hard\libc_nano.a(lib_a-fflush.o)
                0x0000000008006e74                __sflush_r
 .text._fflush_r
                0x0000000008006f80       0x54 e:/st/stm32cubeide_1.0.1/stm32cubeide/plugins/com.st.stm32cube.ide.mcu.externaltools.gnu-tools-for-stm32.7-2018-q2-update.win32_1.0.0.201904181610/tools/bin/../lib/gcc/arm-none-eabi/7.3.1/../../../../arm-none-eabi/lib/thumb/v7e-m/fpv4-sp/hard\libc_nano.a(lib_a-fflush.o)
                0x0000000008006f80                _fflush_r
 .text._lseek_r
                0x0000000008006fd4       0x24 e:/st/stm32cubeide_1.0.1/stm32cubeide/plugins/com.st.stm32cube.ide.mcu.externaltools.gnu-tools-for-stm32.7-2018-q2-update.win32_1.0.0.201904181610/tools/bin/../lib/gcc/arm-none-eabi/7.3.1/../../../../arm-none-eabi/lib/thumb/v7e-m/fpv4-sp/hard\libc_nano.a(lib_a-lseekr.o)
                0x0000000008006fd4                _lseek_r
 .text.__swhatbuf_r
                0x0000000008006ff8       0x48 e:/st/stm32cubeide_1.0.1/stm32cubeide/plugins/com.st.stm32cube.ide.mcu.externaltools.gnu-tools-for-stm32.7-2018-q2-update.win32_1.0.0.201904181610/tools/bin/../lib/gcc/arm-none-eabi/7.3.1/../../../../arm-none-eabi/lib/thumb/v7e-m/fpv4-sp/hard\libc_nano.a(lib_a-makebuf.o)
                0x0000000008006ff8                __swhatbuf_r
 .text.__smakebuf_r
                0x0000000008007040       0x80 e:/st/stm32cubeide_1.0.1/stm32cubeide/plugins/com.st.stm32cube.ide.mcu.externaltools.gnu-tools-for-stm32.7-2018-q2-update.win32_1.0.0.201904181610/tools/bin/../lib/gcc/arm-none-eabi/7.3.1/../../../../arm-none-eabi/lib/thumb/v7e-m/fpv4-sp/hard\libc_nano.a(lib_a-makebuf.o)
                0x0000000008007040                __smakebuf_r
 .text.__malloc_lock
                0x00000000080070c0        0x2 e:/st/stm32cubeide_1.0.1/stm32cubeide/plugins/com.st.stm32cube.ide.mcu.externaltools.gnu-tools-for-stm32.7-2018-q2-update.win32_1.0.0.201904181610/tools/bin/../lib/gcc/arm-none-eabi/7.3.1/../../../../arm-none-eabi/lib/thumb/v7e-m/fpv4-sp/hard\libc_nano.a(lib_a-mlock.o)
                0x00000000080070c0                __malloc_lock
 .text.__malloc_unlock
                0x00000000080070c2        0x2 e:/st/stm32cubeide_1.0.1/stm32cubeide/plugins/com.st.stm32cube.ide.mcu.externaltools.gnu-tools-for-stm32.7-2018-q2-update.win32_1.0.0.201904181610/tools/bin/../lib/gcc/arm-none-eabi/7.3.1/../../../../arm-none-eabi/lib/thumb/v7e-m/fpv4-sp/hard\libc_nano.a(lib_a-mlock.o)
                0x00000000080070c2                __malloc_unlock
 .text._free_r  0x00000000080070c4       0x9c e:/st/stm32cubeide_1.0.1/stm32cubeide/plugins/com.st.stm32cube.ide.mcu.externaltools.gnu-tools-for-stm32.7-2018-q2-update.win32_1.0.0.201904181610/tools/bin/../lib/gcc/arm-none-eabi/7.3.1/../../../../arm-none-eabi/lib/thumb/v7e-m/fpv4-sp/hard\libc_nano.a(lib_a-nano-freer.o)
                0x00000000080070c4                _free_r
 .text._read_r  0x0000000008007160       0x24 e:/st/stm32cubeide_1.0.1/stm32cubeide/plugins/com.st.stm32cube.ide.mcu.externaltools.gnu-tools-for-stm32.7-2018-q2-update.win32_1.0.0.201904181610/tools/bin/../lib/gcc/arm-none-eabi/7.3.1/../../../../arm-none-eabi/lib/thumb/v7e-m/fpv4-sp/hard\libc_nano.a(lib_a-readr.o)
                0x0000000008007160                _read_r
 .text._fstat_r
                0x0000000008007184       0x24 e:/st/stm32cubeide_1.0.1/stm32cubeide/plugins/com.st.stm32cube.ide.mcu.externaltools.gnu-tools-for-stm32.7-2018-q2-update.win32_1.0.0.201904181610/tools/bin/../lib/gcc/arm-none-eabi/7.3.1/../../../../arm-none-eabi/lib/thumb/v7e-m/fpv4-sp/hard\libc_nano.a(lib_a-fstatr.o)
                0x0000000008007184                _fstat_r
 .text._isatty_r
                0x00000000080071a8       0x20 e:/st/stm32cubeide_1.0.1/stm32cubeide/plugins/com.st.stm32cube.ide.mcu.externaltools.gnu-tools-for-stm32.7-2018-q2-update.win32_1.0.0.201904181610/tools/bin/../lib/gcc/arm-none-eabi/7.3.1/../../../../arm-none-eabi/lib/thumb/v7e-m/fpv4-sp/hard\libc_nano.a(lib_a-isattyr.o)
                0x00000000080071a8                _isatty_r
 *(.glue_7)
 .glue_7        0x00000000080071c8        0x0 linker stubs
 *(.glue_7t)
 .glue_7t       0x00000000080071c8        0x0 linker stubs
 *(.eh_frame)
 .eh_frame      0x00000000080071c8        0x0 e:/st/stm32cubeide_1.0.1/stm32cubeide/plugins/com.st.stm32cube.ide.mcu.externaltools.gnu-tools-for-stm32.7-2018-q2-update.win32_1.0.0.201904181610/tools/bin/../lib/gcc/arm-none-eabi/7.3.1/thumb/v7e-m/fpv4-sp/hard/crtbegin.o
 *(.init)
 .init          0x00000000080071c8        0x4 e:/st/stm32cubeide_1.0.1/stm32cubeide/plugins/com.st.stm32cube.ide.mcu.externaltools.gnu-tools-for-stm32.7-2018-q2-update.win32_1.0.0.201904181610/tools/bin/../lib/gcc/arm-none-eabi/7.3.1/thumb/v7e-m/fpv4-sp/hard/crti.o
                0x00000000080071c8                _init
 .init          0x00000000080071cc        0x8 e:/st/stm32cubeide_1.0.1/stm32cubeide/plugins/com.st.stm32cube.ide.mcu.externaltools.gnu-tools-for-stm32.7-2018-q2-update.win32_1.0.0.201904181610/tools/bin/../lib/gcc/arm-none-eabi/7.3.1/thumb/v7e-m/fpv4-sp/hard/crtn.o
 *(.fini)
 .fini          0x00000000080071d4        0x4 e:/st/stm32cubeide_1.0.1/stm32cubeide/plugins/com.st.stm32cube.ide.mcu.externaltools.gnu-tools-for-stm32.7-2018-q2-update.win32_1.0.0.201904181610/tools/bin/../lib/gcc/arm-none-eabi/7.3.1/thumb/v7e-m/fpv4-sp/hard/crti.o
                0x00000000080071d4                _fini
 .fini          0x00000000080071d8        0x8 e:/st/stm32cubeide_1.0.1/stm32cubeide/plugins/com.st.stm32cube.ide.mcu.externaltools.gnu-tools-for-stm32.7-2018-q2-update.win32_1.0.0.201904181610/tools/bin/../lib/gcc/arm-none-eabi/7.3.1/thumb/v7e-m/fpv4-sp/hard/crtn.o
                0x00000000080071e0                . = ALIGN (0x4)
                0x00000000080071e0                _etext = .

.vfp11_veneer   0x00000000080071e0        0x0
 .vfp11_veneer  0x00000000080071e0        0x0 linker stubs

.v4_bx          0x00000000080071e0        0x0
 .v4_bx         0x00000000080071e0        0x0 linker stubs

.iplt           0x00000000080071e0        0x0
 .iplt          0x00000000080071e0        0x0 e:/st/stm32cubeide_1.0.1/stm32cubeide/plugins/com.st.stm32cube.ide.mcu.externaltools.gnu-tools-for-stm32.7-2018-q2-update.win32_1.0.0.201904181610/tools/bin/../lib/gcc/arm-none-eabi/7.3.1/thumb/v7e-m/fpv4-sp/hard/crtbegin.o

.rodata         0x00000000080071e0      0x3b8
                0x00000000080071e0                . = ALIGN (0x4)
 *(.rodata)
 .rodata        0x00000000080071e0       0x38 Src/io_app_demo_hw.o
 .rodata        0x0000000008007218        0x6 source/li_can_slv/source/api/li_can_slv_api.o
 *(.rodata*)
 *fill*         0x000000000800721e        0x2 
 .rodata.AHBPrescTable
                0x0000000008007220       0x10 Src/system_stm32f4xx.o
                0x0000000008007220                AHBPrescTable
 .rodata.APBPrescTable
                0x0000000008007230        0x8 Src/system_stm32f4xx.o
                0x0000000008007230                APBPrescTable
 .rodata.hal_baudrate_timing_36mhz
                0x0000000008007238       0xb4 source/canpie-fd_device/stm32/hal/stm32_canpie-fd.o
 .rodata.hal_baudrate_timing_40mhz
                0x00000000080072ec       0xa0 source/canpie-fd_device/stm32/hal/stm32_canpie-fd.o
 .rodata.hal_baudrate_timing_42mhz
                0x000000000800738c       0xa0 source/canpie-fd_device/stm32/hal/stm32_canpie-fd.o
 .rodata.hal_baudrate_timing_48mhz
                0x000000000800742c       0xb4 source/canpie-fd_device/stm32/hal/stm32_canpie-fd.o
 .rodata.can_main_hw_default_baudrate_table
                0x00000000080074e0       0x20 source/li_can_slv/source/arch/canpie_adapter/io_can_main_hw.o
                0x00000000080074e0                can_main_hw_default_baudrate_table
 .rodata._global_impure_ptr
                0x0000000008007500        0x4 e:/st/stm32cubeide_1.0.1/stm32cubeide/plugins/com.st.stm32cube.ide.mcu.externaltools.gnu-tools-for-stm32.7-2018-q2-update.win32_1.0.0.201904181610/tools/bin/../lib/gcc/arm-none-eabi/7.3.1/../../../../arm-none-eabi/lib/thumb/v7e-m/fpv4-sp/hard\libc_nano.a(lib_a-impure.o)
                0x0000000008007500                _global_impure_ptr
 .rodata.__sf_fake_stderr
                0x0000000008007504       0x20 e:/st/stm32cubeide_1.0.1/stm32cubeide/plugins/com.st.stm32cube.ide.mcu.externaltools.gnu-tools-for-stm32.7-2018-q2-update.win32_1.0.0.201904181610/tools/bin/../lib/gcc/arm-none-eabi/7.3.1/../../../../arm-none-eabi/lib/thumb/v7e-m/fpv4-sp/hard\libc_nano.a(lib_a-findfp.o)
                0x0000000008007504                __sf_fake_stderr
 .rodata.__sf_fake_stdin
                0x0000000008007524       0x20 e:/st/stm32cubeide_1.0.1/stm32cubeide/plugins/com.st.stm32cube.ide.mcu.externaltools.gnu-tools-for-stm32.7-2018-q2-update.win32_1.0.0.201904181610/tools/bin/../lib/gcc/arm-none-eabi/7.3.1/../../../../arm-none-eabi/lib/thumb/v7e-m/fpv4-sp/hard\libc_nano.a(lib_a-findfp.o)
                0x0000000008007524                __sf_fake_stdin
 .rodata.__sf_fake_stdout
                0x0000000008007544       0x20 e:/st/stm32cubeide_1.0.1/stm32cubeide/plugins/com.st.stm32cube.ide.mcu.externaltools.gnu-tools-for-stm32.7-2018-q2-update.win32_1.0.0.201904181610/tools/bin/../lib/gcc/arm-none-eabi/7.3.1/../../../../arm-none-eabi/lib/thumb/v7e-m/fpv4-sp/hard\libc_nano.a(lib_a-findfp.o)
                0x0000000008007544                __sf_fake_stdout
 .rodata._vfprintf_r.str1.1
                0x0000000008007564       0x11 e:/st/stm32cubeide_1.0.1/stm32cubeide/plugins/com.st.stm32cube.ide.mcu.externaltools.gnu-tools-for-stm32.7-2018-q2-update.win32_1.0.0.201904181610/tools/bin/../lib/gcc/arm-none-eabi/7.3.1/../../../../arm-none-eabi/lib/thumb/v7e-m/fpv4-sp/hard\libc_nano.a(lib_a-nano-vfprintf.o)
 .rodata._printf_i.str1.1
                0x0000000008007575       0x22 e:/st/stm32cubeide_1.0.1/stm32cubeide/plugins/com.st.stm32cube.ide.mcu.externaltools.gnu-tools-for-stm32.7-2018-q2-update.win32_1.0.0.201904181610/tools/bin/../lib/gcc/arm-none-eabi/7.3.1/../../../../arm-none-eabi/lib/thumb/v7e-m/fpv4-sp/hard\libc_nano.a(lib_a-nano-vfprintf_i.o)
                0x0000000008007598                . = ALIGN (0x4)
 *fill*         0x0000000008007597        0x1 

.ARM.extab      0x0000000008007598        0x0
                0x0000000008007598                . = ALIGN (0x4)
 *(.ARM.extab* .gnu.linkonce.armextab.*)
                0x0000000008007598                . = ALIGN (0x4)

.ARM            0x0000000008007598        0x8
                0x0000000008007598                . = ALIGN (0x4)
                0x0000000008007598                __exidx_start = .
 *(.ARM.exidx*)
 .ARM.exidx     0x0000000008007598        0x8 e:/st/stm32cubeide_1.0.1/stm32cubeide/plugins/com.st.stm32cube.ide.mcu.externaltools.gnu-tools-for-stm32.7-2018-q2-update.win32_1.0.0.201904181610/tools/bin/../lib/gcc/arm-none-eabi/7.3.1/thumb/v7e-m/fpv4-sp/hard\libgcc.a(_udivmoddi4.o)
                0x00000000080075a0                __exidx_end = .
                0x00000000080075a0                . = ALIGN (0x4)

.rel.dyn        0x00000000080075a0        0x0
 .rel.iplt      0x00000000080075a0        0x0 e:/st/stm32cubeide_1.0.1/stm32cubeide/plugins/com.st.stm32cube.ide.mcu.externaltools.gnu-tools-for-stm32.7-2018-q2-update.win32_1.0.0.201904181610/tools/bin/../lib/gcc/arm-none-eabi/7.3.1/thumb/v7e-m/fpv4-sp/hard/crtbegin.o

.preinit_array  0x00000000080075a0        0x0
                0x00000000080075a0                . = ALIGN (0x4)
                0x00000000080075a0                PROVIDE (__preinit_array_start = .)
 *(.preinit_array*)
                0x00000000080075a0                PROVIDE (__preinit_array_end = .)
                0x00000000080075a0                . = ALIGN (0x4)

.init_array     0x00000000080075a0        0x4
                0x00000000080075a0                . = ALIGN (0x4)
                0x00000000080075a0                PROVIDE (__init_array_start = .)
 *(SORT_BY_NAME(.init_array.*))
 *(.init_array*)
 .init_array    0x00000000080075a0        0x4 e:/st/stm32cubeide_1.0.1/stm32cubeide/plugins/com.st.stm32cube.ide.mcu.externaltools.gnu-tools-for-stm32.7-2018-q2-update.win32_1.0.0.201904181610/tools/bin/../lib/gcc/arm-none-eabi/7.3.1/thumb/v7e-m/fpv4-sp/hard/crtbegin.o
                0x00000000080075a4                PROVIDE (__init_array_end = .)
                0x00000000080075a4                . = ALIGN (0x4)

.fini_array     0x00000000080075a4        0x4
                0x00000000080075a4                . = ALIGN (0x4)
                [!provide]                        PROVIDE (__fini_array_start = .)
 *(SORT_BY_NAME(.fini_array.*))
 *(.fini_array*)
 .fini_array    0x00000000080075a4        0x4 e:/st/stm32cubeide_1.0.1/stm32cubeide/plugins/com.st.stm32cube.ide.mcu.externaltools.gnu-tools-for-stm32.7-2018-q2-update.win32_1.0.0.201904181610/tools/bin/../lib/gcc/arm-none-eabi/7.3.1/thumb/v7e-m/fpv4-sp/hard/crtbegin.o
                [!provide]                        PROVIDE (__fini_array_end = .)
                0x00000000080075a8                . = ALIGN (0x4)
                0x00000000080075a8                _sidata = LOADADDR (.data)

.data           0x0000000020000000      0x1a8 load address 0x00000000080075a8
                0x0000000020000000                . = ALIGN (0x4)
                0x0000000020000000                _sdata = .
 *(.data)
 *(.data*)
 .data.uwTickPrio
                0x0000000020000000        0x4 Drivers/STM32F4xx_HAL_Driver/Src/stm32f4xx_hal.o
                0x0000000020000000                uwTickPrio
 .data.uwTickFreq
                0x0000000020000004        0x1 Drivers/STM32F4xx_HAL_Driver/Src/stm32f4xx_hal.o
                0x0000000020000004                uwTickFreq
 *fill*         0x0000000020000005        0x3 
 .data.SystemCoreClock
                0x0000000020000008        0x4 Src/system_stm32f4xx.o
                0x0000000020000008                SystemCoreClock
 .data.can_config_module_tab
                0x000000002000000c       0x88 source/li_can_slv/source/config/io_can_config.o
                0x000000002000000c                can_config_module_tab
 .data.can_config_module_silent
                0x0000000020000094        0x1 source/li_can_slv/source/config/io_can_config.o
 *fill*         0x0000000020000095        0x3 
 .data.can_config_bdr_tab
                0x0000000020000098       0x20 source/li_can_slv/source/config/io_can_config.o
 .data.can_config_ukwn_module
                0x00000000200000b8       0x88 source/li_can_slv/source/config/io_can_config.o
 .data.li_can_slv_state
                0x0000000020000140        0x1 source/li_can_slv/source/core/io_can.o
 *fill*         0x0000000020000141        0x3 
 .data._impure_ptr
                0x0000000020000144        0x4 e:/st/stm32cubeide_1.0.1/stm32cubeide/plugins/com.st.stm32cube.ide.mcu.externaltools.gnu-tools-for-stm32.7-2018-q2-update.win32_1.0.0.201904181610/tools/bin/../lib/gcc/arm-none-eabi/7.3.1/../../../../arm-none-eabi/lib/thumb/v7e-m/fpv4-sp/hard\libc_nano.a(lib_a-impure.o)
                0x0000000020000144                _impure_ptr
 .data.impure_data
                0x0000000020000148       0x60 e:/st/stm32cubeide_1.0.1/stm32cubeide/plugins/com.st.stm32cube.ide.mcu.externaltools.gnu-tools-for-stm32.7-2018-q2-update.win32_1.0.0.201904181610/tools/bin/../lib/gcc/arm-none-eabi/7.3.1/../../../../arm-none-eabi/lib/thumb/v7e-m/fpv4-sp/hard\libc_nano.a(lib_a-impure.o)
                0x00000000200001a8                . = ALIGN (0x4)
                0x00000000200001a8                _edata = .

.igot.plt       0x00000000200001a8        0x0 load address 0x0000000008007750
 .igot.plt      0x00000000200001a8        0x0 e:/st/stm32cubeide_1.0.1/stm32cubeide/plugins/com.st.stm32cube.ide.mcu.externaltools.gnu-tools-for-stm32.7-2018-q2-update.win32_1.0.0.201904181610/tools/bin/../lib/gcc/arm-none-eabi/7.3.1/thumb/v7e-m/fpv4-sp/hard/crtbegin.o
                0x00000000200001a8                . = ALIGN (0x4)

.bss            0x00000000200001a8      0x5bc load address 0x0000000008007750
                0x00000000200001a8                _sbss = .
                0x00000000200001a8                __bss_start__ = _sbss
 *(.bss)
 .bss           0x00000000200001a8       0x1c e:/st/stm32cubeide_1.0.1/stm32cubeide/plugins/com.st.stm32cube.ide.mcu.externaltools.gnu-tools-for-stm32.7-2018-q2-update.win32_1.0.0.201904181610/tools/bin/../lib/gcc/arm-none-eabi/7.3.1/thumb/v7e-m/fpv4-sp/hard/crtbegin.o
 *(.bss*)
 .bss.HAL_RCC_CAN1_CLK_ENABLED
                0x00000000200001c4        0x4 Src/stm32f4xx_hal_msp.o
 .bss.heap_end.6424
                0x00000000200001c8        0x4 Src/sysmem.o
 .bss.filter_to_cp_buffer
                0x00000000200001cc        0xe source/canpie-fd_device/stm32/hal/stm32_canpie-fd.o
 *fill*         0x00000000200001da        0x2 
 .bss.tx_mailbox_to_buffer
                0x00000000200001dc        0x3 source/canpie-fd_device/stm32/hal/stm32_canpie-fd.o
 *fill*         0x00000000200001df        0x1 
 .bss.tx1_counter
                0x00000000200001e0        0x4 source/canpie-fd_device/stm32/hal/stm32_canpie-fd.o
 .bss.rx1_counter
                0x00000000200001e4        0x4 source/canpie-fd_device/stm32/hal/stm32_canpie-fd.o
 .bss.err1_counter
                0x00000000200001e8        0x4 source/canpie-fd_device/stm32/hal/stm32_canpie-fd.o
 *fill*         0x00000000200001ec        0x4 
 .bss.atsCan1MsgS
                0x00000000200001f0      0x300 source/canpie-fd_device/stm32/hal/stm32_canpie-fd.o
 .bss.aptsCan1FifoS
                0x00000000200004f0       0x80 source/canpie-fd_device/stm32/hal/stm32_canpie-fd.o
 .bss.aptsPortS
                0x0000000020000570        0x4 source/canpie-fd_device/stm32/hal/stm32_canpie-fd.o
 .bss.pfnRcvHandlerS
                0x0000000020000574        0x4 source/canpie-fd_device/stm32/hal/stm32_canpie-fd.o
 .bss.pfnTrmHandlerS
                0x0000000020000578        0x4 source/canpie-fd_device/stm32/hal/stm32_canpie-fd.o
 .bss.pfnErrHandlerS
                0x000000002000057c        0x4 source/canpie-fd_device/stm32/hal/stm32_canpie-fd.o
 .bss.fifo_number.8529
                0x0000000020000580        0x4 source/canpie-fd_device/stm32/hal/stm32_canpie-fd.o
 .bss.state.8572
                0x0000000020000584        0x4 source/canpie-fd_device/stm32/hal/stm32_canpie-fd.o
 .bss.msg_obj_used
                0x0000000020000588       0x20 source/li_can_slv/source/arch/canpie_adapter/io_can_main_hw.o
 .bss.can_config_bdr_startup
                0x00000000200005a8        0x2 source/li_can_slv/source/config/io_can_config.o
 .bss.can_config_nr_of_modules
                0x00000000200005aa        0x2 source/li_can_slv/source/config/io_can_config.o
                0x00000000200005aa                can_config_nr_of_modules
 .bss.can_config_bdr_current
                0x00000000200005ac        0x8 source/li_can_slv/source/config/io_can_config.o
 .bss.can_config_set_module_silent_awake_call
                0x00000000200005b4        0x4 source/li_can_slv/source/config/io_can_config.o
                0x00000000200005b4                can_config_set_module_silent_awake_call
 .bss.li_can_slv_mode
                0x00000000200005b8        0x1 source/li_can_slv/source/core/io_can.o
 *fill*         0x00000000200005b9        0x3 
 .bss.can_main_isr_inp_mask_rx
                0x00000000200005bc        0x4 source/li_can_slv/source/core/io_can_main.o
                0x00000000200005bc                can_main_isr_inp_mask_rx
 .bss.can_main_isr_inp_mask_tx
                0x00000000200005c0        0x4 source/li_can_slv/source/core/io_can_main.o
                0x00000000200005c0                can_main_isr_inp_mask_tx
 .bss.can_main_objs_mask
                0x00000000200005c4        0x4 source/li_can_slv/source/core/io_can_main.o
                0x00000000200005c4                can_main_objs_mask
 .bss.can_main_async_objs_mask
                0x00000000200005c8        0x4 source/li_can_slv/source/core/io_can_main.o
                0x00000000200005c8                can_main_async_objs_mask
 .bss.can_main_async_ctrl_objs_mask
                0x00000000200005cc        0x4 source/li_can_slv/source/core/io_can_main.o
                0x00000000200005cc                can_main_async_ctrl_objs_mask
 .bss.li_can_slv_sync_main_rx_msg_obj_used
                0x00000000200005d0        0x2 source/li_can_slv/source/core/io_can_main.o
                0x00000000200005d0                li_can_slv_sync_main_rx_msg_obj_used
 .bss.li_can_slv_sync_main_tx_msg_obj_used
                0x00000000200005d2        0x2 source/li_can_slv/source/core/io_can_main.o
                0x00000000200005d2                li_can_slv_sync_main_tx_msg_obj_used
 .bss.li_can_slv_sync_main_rx_msg_obj
                0x00000000200005d4       0xa0 source/li_can_slv/source/core/io_can_main.o
                0x00000000200005d4                li_can_slv_sync_main_rx_msg_obj
 .bss.li_can_slv_sync_main_tx_msg_obj
                0x0000000020000674        0x8 source/li_can_slv/source/core/io_can_main.o
                0x0000000020000674                li_can_slv_sync_main_tx_msg_obj
 .bss.can_main_sync_process_tx_data_ctrl
                0x000000002000067c       0x20 source/li_can_slv/source/core/io_can_main.o
                0x000000002000067c                can_main_sync_process_tx_data_ctrl
 .bss.error_module_nr
                0x000000002000069c        0x2 source/li_can_slv/source/error/io_can_error.o
 *fill*         0x000000002000069e        0x2 
 .bss.error_msg_code
                0x00000000200006a0        0x4 source/li_can_slv/source/error/io_can_error.o
 .bss.error_priority
                0x00000000200006a4        0x1 source/li_can_slv/source/error/io_can_error.o
 *fill*         0x00000000200006a5        0x1 
 .bss.error_syserr_number
                0x00000000200006a6        0x2 source/li_can_slv/source/error/io_can_error.o
 .bss.error_add_info
                0x00000000200006a8        0x1 source/li_can_slv/source/error/io_can_error.o
 .bss.error_group_subgroup
                0x00000000200006a9        0x1 source/li_can_slv/source/error/io_can_error.o
 *fill*         0x00000000200006aa        0x2 
 .bss.can_sync  0x00000000200006ac       0x34 source/li_can_slv/source/sync/io_can_sync.o
                0x00000000200006ac                can_sync
 .bss.can_sync_process_call
                0x00000000200006e0        0x4 source/li_can_slv/source/sync/io_can_sync.o
 .bss.can_sync_process_image_valid_cbk_table
                0x00000000200006e4        0x4 source/li_can_slv/source/sync/io_can_sync.o
 .bss.can_sync_process_image_not_valid_cbk_table
                0x00000000200006e8        0x4 source/li_can_slv/source/sync/io_can_sync.o
 .bss.can_sync_process_request_rx_cbk_table
                0x00000000200006ec        0x4 source/li_can_slv/source/sync/io_can_sync.o
 .bss.can_sync_first_process_detect
                0x00000000200006f0        0x2 source/li_can_slv/source/sync/io_can_sync.o
 *fill*         0x00000000200006f2        0x2 
 .bss.can_sync_first_process_request_call
                0x00000000200006f4        0x4 source/li_can_slv/source/sync/io_can_sync.o
 .bss.can_sys_first_status_detect
                0x00000000200006f8        0x2 source/li_can_slv/source/sys/io_can_sys.o
 *fill*         0x00000000200006fa        0x2 
 .bss.li_can_slv_sys_first_status_request_cbk
                0x00000000200006fc        0x4 source/li_can_slv/source/sys/io_can_sys.o
 .bss.__malloc_free_list
                0x0000000020000700        0x4 e:/st/stm32cubeide_1.0.1/stm32cubeide/plugins/com.st.stm32cube.ide.mcu.externaltools.gnu-tools-for-stm32.7-2018-q2-update.win32_1.0.0.201904181610/tools/bin/../lib/gcc/arm-none-eabi/7.3.1/../../../../arm-none-eabi/lib/thumb/v7e-m/fpv4-sp/hard\libc_nano.a(lib_a-nano-mallocr.o)
                0x0000000020000700                __malloc_free_list
 .bss.__malloc_sbrk_start
                0x0000000020000704        0x4 e:/st/stm32cubeide_1.0.1/stm32cubeide/plugins/com.st.stm32cube.ide.mcu.externaltools.gnu-tools-for-stm32.7-2018-q2-update.win32_1.0.0.201904181610/tools/bin/../lib/gcc/arm-none-eabi/7.3.1/../../../../arm-none-eabi/lib/thumb/v7e-m/fpv4-sp/hard\libc_nano.a(lib_a-nano-mallocr.o)
                0x0000000020000704                __malloc_sbrk_start
 *(COMMON)
 COMMON         0x0000000020000708        0x4 Drivers/STM32F4xx_HAL_Driver/Src/stm32f4xx_hal.o
                0x0000000020000708                uwTick
 COMMON         0x000000002000070c       0x50 Src/main.o
                0x000000002000070c                hcan2
                0x0000000020000734                hcan1
 COMMON         0x000000002000075c        0x3 source/li_can_slv/source/arch/canpie_adapter/io_can_main_hw.o
                0x000000002000075c                can_port_main
 *fill*         0x000000002000075f        0x1 
 COMMON         0x0000000020000760        0x4 e:/st/stm32cubeide_1.0.1/stm32cubeide/plugins/com.st.stm32cube.ide.mcu.externaltools.gnu-tools-for-stm32.7-2018-q2-update.win32_1.0.0.201904181610/tools/bin/../lib/gcc/arm-none-eabi/7.3.1/../../../../arm-none-eabi/lib/thumb/v7e-m/fpv4-sp/hard\libc_nano.a(lib_a-reent.o)
                0x0000000020000760                errno
                0x0000000020000764                . = ALIGN (0x4)
                0x0000000020000764                _ebss = .
                0x0000000020000764                __bss_end__ = _ebss

._user_heap_stack
                0x0000000020000764      0x604 load address 0x0000000008007750
                0x0000000020000768                . = ALIGN (0x8)
 *fill*         0x0000000020000764        0x4 
                0x0000000020000768                PROVIDE (end = .)
                [!provide]                        PROVIDE (_end = .)
                0x0000000020000968                . = (. + _Min_Heap_Size)
 *fill*         0x0000000020000768      0x200 
                0x0000000020000d68                . = (. + _Min_Stack_Size)
 *fill*         0x0000000020000968      0x400 
                0x0000000020000d68                . = ALIGN (0x8)

/DISCARD/
 libc.a(*)
 libm.a(*)
 libgcc.a(*)

.ARM.attributes
                0x0000000000000000       0x30
 *(.ARM.attributes)
 .ARM.attributes
                0x0000000000000000       0x22 e:/st/stm32cubeide_1.0.1/stm32cubeide/plugins/com.st.stm32cube.ide.mcu.externaltools.gnu-tools-for-stm32.7-2018-q2-update.win32_1.0.0.201904181610/tools/bin/../lib/gcc/arm-none-eabi/7.3.1/thumb/v7e-m/fpv4-sp/hard/crti.o
 .ARM.attributes
                0x0000000000000022       0x34 e:/st/stm32cubeide_1.0.1/stm32cubeide/plugins/com.st.stm32cube.ide.mcu.externaltools.gnu-tools-for-stm32.7-2018-q2-update.win32_1.0.0.201904181610/tools/bin/../lib/gcc/arm-none-eabi/7.3.1/thumb/v7e-m/fpv4-sp/hard/crtbegin.o
 .ARM.attributes
                0x0000000000000056       0x39 Drivers/STM32F4xx_HAL_Driver/Src/stm32f4xx_hal.o
 .ARM.attributes
                0x000000000000008f       0x39 Drivers/STM32F4xx_HAL_Driver/Src/stm32f4xx_hal_can.o
 .ARM.attributes
                0x00000000000000c8       0x39 Drivers/STM32F4xx_HAL_Driver/Src/stm32f4xx_hal_cortex.o
 .ARM.attributes
                0x0000000000000101       0x39 Drivers/STM32F4xx_HAL_Driver/Src/stm32f4xx_hal_gpio.o
 .ARM.attributes
                0x000000000000013a       0x39 Drivers/STM32F4xx_HAL_Driver/Src/stm32f4xx_hal_rcc.o
 .ARM.attributes
                0x0000000000000173       0x39 Src/io_app_demo_hw.o
 .ARM.attributes
                0x00000000000001ac       0x39 Src/main.o
 .ARM.attributes
                0x00000000000001e5       0x39 Src/stm32f4xx_hal_msp.o
 .ARM.attributes
                0x000000000000021e       0x39 Src/stm32f4xx_it.o
 .ARM.attributes
                0x0000000000000257       0x39 Src/syscalls.o
 .ARM.attributes
                0x0000000000000290       0x39 Src/sysmem.o
 .ARM.attributes
                0x00000000000002c9       0x39 Src/system_stm32f4xx.o
 .ARM.attributes
                0x0000000000000302       0x21 Startup/startup_stm32f407vgtx.o
 .ARM.attributes
                0x0000000000000323       0x39 source/canpie/source/canpie-fd/cp_fifo.o
 .ARM.attributes
                0x000000000000035c       0x39 source/canpie-fd_device/stm32/hal/stm32_canpie-fd.o
 .ARM.attributes
                0x0000000000000395       0x39 source/li_can_slv/source/api/li_can_slv_api.o
 .ARM.attributes
                0x00000000000003ce       0x39 source/li_can_slv/source/arch/canpie_adapter/io_can_hw.o
 .ARM.attributes
                0x0000000000000407       0x39 source/li_can_slv/source/arch/canpie_adapter/io_can_main_hw.o
 .ARM.attributes
                0x0000000000000440       0x39 source/li_can_slv/source/arch/canpie_adapter/io_can_main_hw_handler.o
 .ARM.attributes
                0x0000000000000479       0x39 source/li_can_slv/source/config/io_can_config.o
 .ARM.attributes
                0x00000000000004b2       0x39 source/li_can_slv/source/core/io_can.o
 .ARM.attributes
                0x00000000000004eb       0x39 source/li_can_slv/source/core/io_can_main.o
 .ARM.attributes
                0x0000000000000524       0x39 source/li_can_slv/source/core/io_can_main_handler.o
 .ARM.attributes
                0x000000000000055d       0x39 source/li_can_slv/source/error/io_can_error.o
 .ARM.attributes
                0x0000000000000596       0x39 source/li_can_slv/source/sync/io_can_sync.o
 .ARM.attributes
                0x00000000000005cf       0x39 source/li_can_slv/source/sync/io_can_sync_handler.o
 .ARM.attributes
                0x0000000000000608       0x39 source/li_can_slv/source/sys/io_can_sys.o
 .ARM.attributes
                0x0000000000000641       0x34 e:/st/stm32cubeide_1.0.1/stm32cubeide/plugins/com.st.stm32cube.ide.mcu.externaltools.gnu-tools-for-stm32.7-2018-q2-update.win32_1.0.0.201904181610/tools/bin/../lib/gcc/arm-none-eabi/7.3.1/../../../../arm-none-eabi/lib/thumb/v7e-m/fpv4-sp/hard\libc_nano.a(lib_a-errno.o)
 .ARM.attributes
                0x0000000000000675       0x34 e:/st/stm32cubeide_1.0.1/stm32cubeide/plugins/com.st.stm32cube.ide.mcu.externaltools.gnu-tools-for-stm32.7-2018-q2-update.win32_1.0.0.201904181610/tools/bin/../lib/gcc/arm-none-eabi/7.3.1/../../../../arm-none-eabi/lib/thumb/v7e-m/fpv4-sp/hard\libc_nano.a(lib_a-impure.o)
 .ARM.attributes
                0x00000000000006a9       0x34 e:/st/stm32cubeide_1.0.1/stm32cubeide/plugins/com.st.stm32cube.ide.mcu.externaltools.gnu-tools-for-stm32.7-2018-q2-update.win32_1.0.0.201904181610/tools/bin/../lib/gcc/arm-none-eabi/7.3.1/../../../../arm-none-eabi/lib/thumb/v7e-m/fpv4-sp/hard\libc_nano.a(lib_a-init.o)
 .ARM.attributes
                0x00000000000006dd       0x34 e:/st/stm32cubeide_1.0.1/stm32cubeide/plugins/com.st.stm32cube.ide.mcu.externaltools.gnu-tools-for-stm32.7-2018-q2-update.win32_1.0.0.201904181610/tools/bin/../lib/gcc/arm-none-eabi/7.3.1/../../../../arm-none-eabi/lib/thumb/v7e-m/fpv4-sp/hard\libc_nano.a(lib_a-memcpy-stub.o)
 .ARM.attributes
                0x0000000000000711       0x34 e:/st/stm32cubeide_1.0.1/stm32cubeide/plugins/com.st.stm32cube.ide.mcu.externaltools.gnu-tools-for-stm32.7-2018-q2-update.win32_1.0.0.201904181610/tools/bin/../lib/gcc/arm-none-eabi/7.3.1/../../../../arm-none-eabi/lib/thumb/v7e-m/fpv4-sp/hard\libc_nano.a(lib_a-memset.o)
 .ARM.attributes
                0x0000000000000745       0x34 e:/st/stm32cubeide_1.0.1/stm32cubeide/plugins/com.st.stm32cube.ide.mcu.externaltools.gnu-tools-for-stm32.7-2018-q2-update.win32_1.0.0.201904181610/tools/bin/../lib/gcc/arm-none-eabi/7.3.1/../../../../arm-none-eabi/lib/thumb/v7e-m/fpv4-sp/hard\libc_nano.a(lib_a-printf.o)
 .ARM.attributes
                0x0000000000000779       0x34 e:/st/stm32cubeide_1.0.1/stm32cubeide/plugins/com.st.stm32cube.ide.mcu.externaltools.gnu-tools-for-stm32.7-2018-q2-update.win32_1.0.0.201904181610/tools/bin/../lib/gcc/arm-none-eabi/7.3.1/../../../../arm-none-eabi/lib/thumb/v7e-m/fpv4-sp/hard\libc_nano.a(lib_a-strncmp.o)
 .ARM.attributes
                0x00000000000007ad       0x34 e:/st/stm32cubeide_1.0.1/stm32cubeide/plugins/com.st.stm32cube.ide.mcu.externaltools.gnu-tools-for-stm32.7-2018-q2-update.win32_1.0.0.201904181610/tools/bin/../lib/gcc/arm-none-eabi/7.3.1/../../../../arm-none-eabi/lib/thumb/v7e-m/fpv4-sp/hard\libc_nano.a(lib_a-strncpy.o)
 .ARM.attributes
                0x00000000000007e1       0x34 e:/st/stm32cubeide_1.0.1/stm32cubeide/plugins/com.st.stm32cube.ide.mcu.externaltools.gnu-tools-for-stm32.7-2018-q2-update.win32_1.0.0.201904181610/tools/bin/../lib/gcc/arm-none-eabi/7.3.1/../../../../arm-none-eabi/lib/thumb/v7e-m/fpv4-sp/hard\libc_nano.a(lib_a-findfp.o)
 .ARM.attributes
                0x0000000000000815       0x34 e:/st/stm32cubeide_1.0.1/stm32cubeide/plugins/com.st.stm32cube.ide.mcu.externaltools.gnu-tools-for-stm32.7-2018-q2-update.win32_1.0.0.201904181610/tools/bin/../lib/gcc/arm-none-eabi/7.3.1/../../../../arm-none-eabi/lib/thumb/v7e-m/fpv4-sp/hard\libc_nano.a(lib_a-fwalk.o)
 .ARM.attributes
                0x0000000000000849       0x34 e:/st/stm32cubeide_1.0.1/stm32cubeide/plugins/com.st.stm32cube.ide.mcu.externaltools.gnu-tools-for-stm32.7-2018-q2-update.win32_1.0.0.201904181610/tools/bin/../lib/gcc/arm-none-eabi/7.3.1/../../../../arm-none-eabi/lib/thumb/v7e-m/fpv4-sp/hard\libc_nano.a(lib_a-nano-mallocr.o)
 .ARM.attributes
                0x000000000000087d       0x34 e:/st/stm32cubeide_1.0.1/stm32cubeide/plugins/com.st.stm32cube.ide.mcu.externaltools.gnu-tools-for-stm32.7-2018-q2-update.win32_1.0.0.201904181610/tools/bin/../lib/gcc/arm-none-eabi/7.3.1/../../../../arm-none-eabi/lib/thumb/v7e-m/fpv4-sp/hard\libc_nano.a(lib_a-nano-vfprintf.o)
 .ARM.attributes
                0x00000000000008b1       0x34 e:/st/stm32cubeide_1.0.1/stm32cubeide/plugins/com.st.stm32cube.ide.mcu.externaltools.gnu-tools-for-stm32.7-2018-q2-update.win32_1.0.0.201904181610/tools/bin/../lib/gcc/arm-none-eabi/7.3.1/../../../../arm-none-eabi/lib/thumb/v7e-m/fpv4-sp/hard\libc_nano.a(lib_a-nano-vfprintf_i.o)
 .ARM.attributes
                0x00000000000008e5       0x34 e:/st/stm32cubeide_1.0.1/stm32cubeide/plugins/com.st.stm32cube.ide.mcu.externaltools.gnu-tools-for-stm32.7-2018-q2-update.win32_1.0.0.201904181610/tools/bin/../lib/gcc/arm-none-eabi/7.3.1/../../../../arm-none-eabi/lib/thumb/v7e-m/fpv4-sp/hard\libc_nano.a(lib_a-sbrkr.o)
 .ARM.attributes
                0x0000000000000919       0x34 e:/st/stm32cubeide_1.0.1/stm32cubeide/plugins/com.st.stm32cube.ide.mcu.externaltools.gnu-tools-for-stm32.7-2018-q2-update.win32_1.0.0.201904181610/tools/bin/../lib/gcc/arm-none-eabi/7.3.1/../../../../arm-none-eabi/lib/thumb/v7e-m/fpv4-sp/hard\libc_nano.a(lib_a-stdio.o)
 .ARM.attributes
                0x000000000000094d       0x34 e:/st/stm32cubeide_1.0.1/stm32cubeide/plugins/com.st.stm32cube.ide.mcu.externaltools.gnu-tools-for-stm32.7-2018-q2-update.win32_1.0.0.201904181610/tools/bin/../lib/gcc/arm-none-eabi/7.3.1/../../../../arm-none-eabi/lib/thumb/v7e-m/fpv4-sp/hard\libc_nano.a(lib_a-wbuf.o)
 .ARM.attributes
                0x0000000000000981       0x34 e:/st/stm32cubeide_1.0.1/stm32cubeide/plugins/com.st.stm32cube.ide.mcu.externaltools.gnu-tools-for-stm32.7-2018-q2-update.win32_1.0.0.201904181610/tools/bin/../lib/gcc/arm-none-eabi/7.3.1/../../../../arm-none-eabi/lib/thumb/v7e-m/fpv4-sp/hard\libc_nano.a(lib_a-writer.o)
 .ARM.attributes
                0x00000000000009b5       0x34 e:/st/stm32cubeide_1.0.1/stm32cubeide/plugins/com.st.stm32cube.ide.mcu.externaltools.gnu-tools-for-stm32.7-2018-q2-update.win32_1.0.0.201904181610/tools/bin/../lib/gcc/arm-none-eabi/7.3.1/../../../../arm-none-eabi/lib/thumb/v7e-m/fpv4-sp/hard\libc_nano.a(lib_a-wsetup.o)
 .ARM.attributes
                0x00000000000009e9       0x34 e:/st/stm32cubeide_1.0.1/stm32cubeide/plugins/com.st.stm32cube.ide.mcu.externaltools.gnu-tools-for-stm32.7-2018-q2-update.win32_1.0.0.201904181610/tools/bin/../lib/gcc/arm-none-eabi/7.3.1/../../../../arm-none-eabi/lib/thumb/v7e-m/fpv4-sp/hard\libc_nano.a(lib_a-closer.o)
 .ARM.attributes
                0x0000000000000a1d       0x34 e:/st/stm32cubeide_1.0.1/stm32cubeide/plugins/com.st.stm32cube.ide.mcu.externaltools.gnu-tools-for-stm32.7-2018-q2-update.win32_1.0.0.201904181610/tools/bin/../lib/gcc/arm-none-eabi/7.3.1/../../../../arm-none-eabi/lib/thumb/v7e-m/fpv4-sp/hard\libc_nano.a(lib_a-fflush.o)
 .ARM.attributes