io_can_main_hw.c:108:24:can_main_hw_init	8	static
io_can_main_hw.c:121:24:can_main_hw_deinit	8	static
io_can_main_hw.c:128:24:can_main_hw_msg_obj_init	16	static
io_can_main_hw.c:137:24:can_main_hw_free_tx_objs	4	static
io_can_main_hw.c:154:24:can_main_hw_get_next_free_msg_obj	24	static
io_can_main_hw.c:180:24:can_main_hw_enable	16	static
io_can_main_hw.c:207:24:can_main_hw_disable	8	static
io_can_main_hw.c:214:24:can_main_hw_define_msg_obj	40	static
io_can_main_hw.c:304:24:can_main_hw_set_baudrate	16	static
io_can_main_hw.c:411:24:can_main_hw_send_msg_obj_blocking	40	static
io_can_main_hw.c:453:24:can_main_hw_send_msg_obj_none_blocking	40	static
