io_can_config.c:764:24:can_config_init	16	static
io_can_config.c:801:24:can_config_set_baudrate_table	24	static
io_can_config.c:866:24:can_config_set_baudrate	24	static
io_can_config.c:889:24:can_config_set_baudrate_default	8	static
io_can_config.c:902:24:can_config_get_baudrate	16	static
io_can_config.c:911:9:can_config_is_baudrate_valid	24	static
io_can_config.c:928:6:can_config_set_baudrate_startup	16	static
io_can_config.c:936:25:can_config_get_baudrate_startup	4	static
io_can_config.c:999:24:can_config_add_module	64	static
io_can_config.c:1070:24:can_config_add_ukwn_module	40	static
io_can_config.c:1095:24:can_config_get_module	24	static
io_can_config.c:1117:24:can_config_set_critical	24	static
io_can_config.c:1184:6:can_config_sync_off	40	static
io_can_config.c:1233:24:can_config_sync_on	32	static
io_can_config.c:1458:24:can_config_module_nr_valid	24	static
io_can_config.c:1481:24:can_config_get_module_type	16	static
io_can_config.c:1514:24:can_config_get_module_nr	16	static
io_can_config.c:1529:24:can_config_get_module_nr_main	4	static
io_can_config.c:1540:6:can_config_init_module_nr_main	16	static
io_can_config.c:1602:24:can_config_get_module_silent_awake	16	static
io_can_config.c:1621:6:can_config_get_nr_of_modules	16	static
io_can_config.c:1628:24:can_config_module_type_valid	24	static
io_can_config.c:1654:24:can_config_module_valid	32	static
io_can_config.c:1691:24:can_config_set_module_silent_awake	24	static
io_can_config.c:1732:24:li_can_slv_config_set_module_silent_awake_from_type_and_nr	24	static
io_can_config.c:1939:24:can_config_set_module_silent_awake_call_fnc	16	static
io_can_config.c:2018:31:can_config_set_module	64	static
io_can_config.c:2254:31:rx_main_dummy	24	static
io_can_config.c:2269:31:tx_main_dummy	24	static
io_can_config.c:2343:17:get_table_pos_from_type_and_actual_module_number	24	static
