stm32_canpie-fd.c:154:20:CheckParam	24	static
stm32_canpie-fd.c:189:13:CpCoreBitrate	40	static
stm32_canpie-fd.c:296:13:CpCoreBufferConfig	32	static
stm32_canpie-fd.c:355:13:CpCoreBufferGetData	32	static
stm32_canpie-fd.c:393:13:CpCoreBufferGetDlc	32	static
stm32_canpie-fd.c:416:13:CpCoreBufferRelease	32	static
stm32_canpie-fd.c:465:13:CpCoreBufferSend	48	static
stm32_canpie-fd.c:553:13:CpCoreBufferSetData	40	static
stm32_canpie-fd.c:593:13:CpCoreBufferSetDlc	24	static
stm32_canpie-fd.c:618:13:CpCoreCanMode	24	static
stm32_canpie-fd.c:687:13:CpCoreCanState	32	static
stm32_canpie-fd.c:779:13:CpCoreDriverInit	24	static
stm32_canpie-fd.c:884:13:CpCoreDriverRelease	24	static
stm32_canpie-fd.c:920:13:CpCoreFifoConfig	32	static
stm32_canpie-fd.c:947:13:CpCoreFifoRead	40	static
stm32_canpie-fd.c:1001:13:CpCoreFifoRelease	24	static
stm32_canpie-fd.c:1021:13:CpCoreFifoWrite	40	static
stm32_canpie-fd.c:1094:13:CpCoreHDI	24	static
stm32_canpie-fd.c:1135:13:CpCoreIntFunctions	32	static
stm32_canpie-fd.c:1164:13:CpCoreStatistic	24	static
stm32_canpie-fd.c:1199:26:can_filter_config	64	static
stm32_canpie-fd.c:1234:20:get_next_free_filter_number	24	static
stm32_canpie-fd.c:1255:20:search_for_already_defined_filter	24	static
stm32_canpie-fd.c:1278:20:can_filter_init	40	static
stm32_canpie-fd.c:1311:6:HAL_CAN_TxMailbox0CompleteCallback	40	static
stm32_canpie-fd.c:1373:6:HAL_CAN_TxMailbox1CompleteCallback	40	static
stm32_canpie-fd.c:1435:6:HAL_CAN_TxMailbox2CompleteCallback	40	static
stm32_canpie-fd.c:1497:6:HAL_CAN_RxFifo0MsgPendingCallback	72	static
stm32_canpie-fd.c:1575:6:HAL_CAN_ErrorCallback	16	static
